[rosmaster.main][INFO] 2026-07-21 15:47:05,786: initialization complete, waiting for shutdown
[rosmaster.main][INFO] 2026-07-21 15:47:05,786: Starting ROS Master Node
[xmlrpc][INFO] 2026-07-21 15:47:05,788: XML-RPC server binding to 127.0.0.1:11311
[xmlrpc][INFO] 2026-07-21 15:47:05,789: Started XML-RPC server [http://localhost:11311/]
[rosmaster.master][INFO] 2026-07-21 15:47:05,789: Master initialized: port[11311], uri[http://localhost:11311/]
[xmlrpc][INFO] 2026-07-21 15:47:05,790: xml rpc node: starting XML-RPC server
[rosmaster.master][INFO] 2026-07-21 15:47:05,885: +PARAM [/run_id] by /roslaunch
[rosmaster.master][INFO] 2026-07-21 15:47:05,888: +PARAM [/roslaunch/uris/host_localhost__37323] by /roslaunch
[rosmaster.master][INFO] 2026-07-21 15:47:05,965: +SERVICE [/rosout/get_loggers] /rosout http://localhost:43531/
[rosmaster.master][INFO] 2026-07-21 15:47:05,966: +PARAM [/rosversion] by /roslaunch
[rosmaster.master][INFO] 2026-07-21 15:47:05,966: +SERVICE [/rosout/set_logger_level] /rosout http://localhost:43531/
[rosmaster.master][INFO] 2026-07-21 15:47:05,967: +PARAM [/rosdistro] by /roslaunch
[rosmaster.master][INFO] 2026-07-21 15:47:05,969: +PARAM [/ov_msckf/path_bag] by /roslaunch
[rosmaster.master][INFO] 2026-07-21 15:47:05,972: +PARAM [/ov_msckf/bag_start] by /roslaunch
[rosmaster.master][INFO] 2026-07-21 15:47:05,972: +PUB [/rosout_agg] /rosout http://localhost:43531/
[rosmaster.master][INFO] 2026-07-21 15:47:05,972: +PARAM [/ov_msckf/bag_durr] by /roslaunch
[rosmaster.master][INFO] 2026-07-21 15:47:05,974: +PARAM [/ov_msckf/verbosity] by /roslaunch
[rosmaster.master][INFO] 2026-07-21 15:47:05,975: +SUB [/rosout] /rosout http://localhost:43531/
[rosmaster.master][INFO] 2026-07-21 15:47:05,975: +PARAM [/ov_msckf/config_path] by /roslaunch
[rosmaster.master][INFO] 2026-07-21 15:47:05,977: +PARAM [/ov_msckf/use_stereo] by /roslaunch
[rosmaster.master][INFO] 2026-07-21 15:47:05,978: +PARAM [/ov_msckf/max_cameras] by /roslaunch
[rosmaster.master][INFO] 2026-07-21 15:47:05,979: +PARAM [/ov_msckf/record_timing_information] by /roslaunch
[rosmaster.master][INFO] 2026-07-21 15:47:05,980: +PARAM [/ov_msckf/record_timing_filepath] by /roslaunch
[rosmaster.master][INFO] 2026-07-21 15:47:05,981: +PARAM [/recorder_estimate/topic] by /roslaunch
[rosmaster.master][INFO] 2026-07-21 15:47:05,982: +PARAM [/recorder_estimate/topic_type] by /roslaunch
[rosmaster.master][INFO] 2026-07-21 15:47:05,983: +PARAM [/recorder_estimate/output] by /roslaunch
[rosmaster.master][INFO] 2026-07-21 15:47:06,058: +PUB [/rosout] /recorder_estimate http://localhost:46281/
[rosmaster.master][INFO] 2026-07-21 15:47:06,060: +SERVICE [/recorder_estimate/get_loggers] /recorder_estimate http://localhost:46281/
[rosmaster.master][INFO] 2026-07-21 15:47:06,061: +SERVICE [/recorder_estimate/set_logger_level] /recorder_estimate http://localhost:46281/
[rosmaster.master][INFO] 2026-07-21 15:47:06,066: +SUB [/ov_msckf/poseimu] /recorder_estimate http://localhost:46281/
[rosmaster.master][INFO] 2026-07-21 15:47:06,087: publisherUpdate[/rosout] -> http://localhost:43531/ ['http://localhost:46281/']
[rosmaster.master][INFO] 2026-07-21 15:47:06,092: publisherUpdate[/rosout] -> http://localhost:43531/ ['http://localhost:46281/']: sec=0.00, result=[1, '', 0]
[rosmaster.master][INFO] 2026-07-21 15:47:06,101: +PUB [/rosout] /ov_msckf http://localhost:33041/
[rosmaster.master][INFO] 2026-07-21 15:47:06,102: +SERVICE [/ov_msckf/get_loggers] /ov_msckf http://localhost:33041/
[rosmaster.master][INFO] 2026-07-21 15:47:06,104: +SERVICE [/ov_msckf/set_logger_level] /ov_msckf http://localhost:33041/
[rosmaster.master][INFO] 2026-07-21 15:47:06,140: +PUB [/tf] /ov_msckf http://localhost:33041/
[rosmaster.master][INFO] 2026-07-21 15:47:06,171: +PUB [/ov_msckf/poseimu] /ov_msckf http://localhost:33041/
[rosmaster.master][INFO] 2026-07-21 15:47:06,173: +PUB [/ov_msckf/odomimu] /ov_msckf http://localhost:33041/
[rosmaster.master][INFO] 2026-07-21 15:47:06,175: +PUB [/ov_msckf/pathimu] /ov_msckf http://localhost:33041/
[rosmaster.master][INFO] 2026-07-21 15:47:06,177: +PUB [/ov_msckf/points_msckf] /ov_msckf http://localhost:33041/
[rosmaster.master][INFO] 2026-07-21 15:47:06,178: +PUB [/ov_msckf/points_slam] /ov_msckf http://localhost:33041/
[rosmaster.master][INFO] 2026-07-21 15:47:06,180: +PUB [/ov_msckf/points_aruco] /ov_msckf http://localhost:33041/
[rosmaster.master][INFO] 2026-07-21 15:47:06,181: +PUB [/ov_msckf/points_sim] /ov_msckf http://localhost:33041/
[rosmaster.master][INFO] 2026-07-21 15:47:06,184: +PUB [/ov_msckf/trackhist/compressedDepth] /ov_msckf http://localhost:33041/
[rosmaster.master][INFO] 2026-07-21 15:47:06,185: +SERVICE [/ov_msckf/trackhist/compressedDepth/set_parameters] /ov_msckf http://localhost:33041/
[rosmaster.master][INFO] 2026-07-21 15:47:06,186: +PUB [/ov_msckf/trackhist/compressedDepth/parameter_descriptions] /ov_msckf http://localhost:33041/
[rosmaster.master][INFO] 2026-07-21 15:47:06,187: +PUB [/ov_msckf/trackhist/compressedDepth/parameter_updates] /ov_msckf http://localhost:33041/
[rosmaster.master][INFO] 2026-07-21 15:47:06,188: publisherUpdate[/rosout] -> http://localhost:43531/ ['http://localhost:46281/', 'http://localhost:33041/']
[rosmaster.master][INFO] 2026-07-21 15:47:06,188: publisherUpdate[/ov_msckf/poseimu] -> http://localhost:46281/ ['http://localhost:33041/']
[rosmaster.master][INFO] 2026-07-21 15:47:06,190: +PARAM [/ov_msckf/trackhist/compressedDepth/format] by /ov_msckf
[rosmaster.master][INFO] 2026-07-21 15:47:06,191: publisherUpdate[/rosout] -> http://localhost:43531/ ['http://localhost:46281/', 'http://localhost:33041/']: sec=0.00, result=[1, '', 0]
[rosmaster.master][INFO] 2026-07-21 15:47:06,193: publisherUpdate[/ov_msckf/poseimu] -> http://localhost:46281/ ['http://localhost:33041/']: sec=0.00, result=[1, '', 0]
[rosmaster.master][INFO] 2026-07-21 15:47:06,193: +PARAM [/ov_msckf/trackhist/compressedDepth/depth_max] by /ov_msckf
[rosmaster.master][INFO] 2026-07-21 15:47:06,196: +PARAM [/ov_msckf/trackhist/compressedDepth/depth_quantization] by /ov_msckf
[rosmaster.master][INFO] 2026-07-21 15:47:06,197: +PARAM [/ov_msckf/trackhist/compressedDepth/png_level] by /ov_msckf
[rosmaster.master][INFO] 2026-07-21 15:47:06,199: +PARAM [/ov_msckf/trackhist/compressedDepth/format] by /ov_msckf
[rosmaster.master][INFO] 2026-07-21 15:47:06,200: +PARAM [/ov_msckf/trackhist/compressedDepth/depth_max] by /ov_msckf
[rosmaster.master][INFO] 2026-07-21 15:47:06,202: +PARAM [/ov_msckf/trackhist/compressedDepth/depth_quantization] by /ov_msckf
[rosmaster.master][INFO] 2026-07-21 15:47:06,203: +PARAM [/ov_msckf/trackhist/compressedDepth/png_level] by /ov_msckf
[rosmaster.master][INFO] 2026-07-21 15:47:06,207: +PUB [/ov_msckf/trackhist/compressed] /ov_msckf http://localhost:33041/
[rosmaster.master][INFO] 2026-07-21 15:47:06,209: +SERVICE [/ov_msckf/trackhist/compressed/set_parameters] /ov_msckf http://localhost:33041/
[rosmaster.master][INFO] 2026-07-21 15:47:06,210: +PUB [/ov_msckf/trackhist/compressed/parameter_descriptions] /ov_msckf http://localhost:33041/
[rosmaster.master][INFO] 2026-07-21 15:47:06,212: +PUB [/ov_msckf/trackhist/compressed/parameter_updates] /ov_msckf http://localhost:33041/
[rosmaster.master][INFO] 2026-07-21 15:47:06,215: +PARAM [/ov_msckf/trackhist/compressed/format] by /ov_msckf
[rosmaster.master][INFO] 2026-07-21 15:47:06,216: +PARAM [/ov_msckf/trackhist/compressed/jpeg_quality] by /ov_msckf
[rosmaster.master][INFO] 2026-07-21 15:47:06,218: +PARAM [/ov_msckf/trackhist/compressed/jpeg_progressive] by /ov_msckf
[rosmaster.master][INFO] 2026-07-21 15:47:06,220: +PARAM [/ov_msckf/trackhist/compressed/jpeg_optimize] by /ov_msckf
[rosmaster.master][INFO] 2026-07-21 15:47:06,221: +PARAM [/ov_msckf/trackhist/compressed/jpeg_restart_interval] by /ov_msckf
[rosmaster.master][INFO] 2026-07-21 15:47:06,223: +PARAM [/ov_msckf/trackhist/compressed/png_level] by /ov_msckf
[rosmaster.master][INFO] 2026-07-21 15:47:06,225: +PARAM [/ov_msckf/trackhist/compressed/format] by /ov_msckf
[rosmaster.master][INFO] 2026-07-21 15:47:06,226: +PARAM [/ov_msckf/trackhist/compressed/jpeg_quality] by /ov_msckf
[rosmaster.master][INFO] 2026-07-21 15:47:06,228: +PARAM [/ov_msckf/trackhist/compressed/jpeg_progressive] by /ov_msckf
[rosmaster.master][INFO] 2026-07-21 15:47:06,230: +PARAM [/ov_msckf/trackhist/compressed/jpeg_optimize] by /ov_msckf
[rosmaster.master][INFO] 2026-07-21 15:47:06,231: +PARAM [/ov_msckf/trackhist/compressed/jpeg_restart_interval] by /ov_msckf
[rosmaster.master][INFO] 2026-07-21 15:47:06,232: +PARAM [/ov_msckf/trackhist/compressed/png_level] by /ov_msckf
[rosmaster.master][INFO] 2026-07-21 15:47:06,235: +PUB [/ov_msckf/trackhist] /ov_msckf http://localhost:33041/
[rosmaster.master][INFO] 2026-07-21 15:47:06,243: +PUB [/ov_msckf/trackhist/theora] /ov_msckf http://localhost:33041/
[rosmaster.master][INFO] 2026-07-21 15:47:06,245: +SERVICE [/ov_msckf/trackhist/theora/set_parameters] /ov_msckf http://localhost:33041/
[rosmaster.master][INFO] 2026-07-21 15:47:06,246: +PUB [/ov_msckf/trackhist/theora/parameter_descriptions] /ov_msckf http://localhost:33041/
[rosmaster.master][INFO] 2026-07-21 15:47:06,248: +PUB [/ov_msckf/trackhist/theora/parameter_updates] /ov_msckf http://localhost:33041/
[rosmaster.master][INFO] 2026-07-21 15:47:06,251: +PARAM [/ov_msckf/trackhist/theora/optimize_for] by /ov_msckf
[rosmaster.master][INFO] 2026-07-21 15:47:06,252: +PARAM [/ov_msckf/trackhist/theora/target_bitrate] by /ov_msckf
[rosmaster.master][INFO] 2026-07-21 15:47:06,254: +PARAM [/ov_msckf/trackhist/theora/quality] by /ov_msckf
[rosmaster.master][INFO] 2026-07-21 15:47:06,255: +PARAM [/ov_msckf/trackhist/theora/keyframe_frequency] by /ov_msckf
[rosmaster.master][INFO] 2026-07-21 15:47:06,256: +PARAM [/ov_msckf/trackhist/theora/optimize_for] by /ov_msckf
[rosmaster.master][INFO] 2026-07-21 15:47:06,258: +PARAM [/ov_msckf/trackhist/theora/target_bitrate] by /ov_msckf
[rosmaster.master][INFO] 2026-07-21 15:47:06,259: +PARAM [/ov_msckf/trackhist/theora/quality] by /ov_msckf
[rosmaster.master][INFO] 2026-07-21 15:47:06,261: +PARAM [/ov_msckf/trackhist/theora/keyframe_frequency] by /ov_msckf
[rosmaster.master][INFO] 2026-07-21 15:47:06,262: +PUB [/ov_msckf/posegt] /ov_msckf http://localhost:33041/
[rosmaster.master][INFO] 2026-07-21 15:47:06,264: +PUB [/ov_msckf/pathgt] /ov_msckf http://localhost:33041/
[rosmaster.master][INFO] 2026-07-21 15:47:06,265: +PUB [/ov_msckf/loop_pose] /ov_msckf http://localhost:33041/
[rosmaster.master][INFO] 2026-07-21 15:47:06,267: +PUB [/ov_msckf/loop_feats] /ov_msckf http://localhost:33041/
[rosmaster.master][INFO] 2026-07-21 15:47:06,269: +PUB [/ov_msckf/loop_extrinsic] /ov_msckf http://localhost:33041/
[rosmaster.master][INFO] 2026-07-21 15:47:06,270: +PUB [/ov_msckf/loop_intrinsics] /ov_msckf http://localhost:33041/
[rosmaster.master][INFO] 2026-07-21 15:47:06,272: +PUB [/ov_msckf/loop_depth/compressedDepth] /ov_msckf http://localhost:33041/
[rosmaster.master][INFO] 2026-07-21 15:47:06,274: +SERVICE [/ov_msckf/loop_depth/compressedDepth/set_parameters] /ov_msckf http://localhost:33041/
[rosmaster.master][INFO] 2026-07-21 15:47:06,275: +PUB [/ov_msckf/loop_depth/compressedDepth/parameter_descriptions] /ov_msckf http://localhost:33041/
[rosmaster.master][INFO] 2026-07-21 15:47:06,277: +PUB [/ov_msckf/loop_depth/compressedDepth/parameter_updates] /ov_msckf http://localhost:33041/
[rosmaster.master][INFO] 2026-07-21 15:47:06,280: +PARAM [/ov_msckf/loop_depth/compressedDepth/format] by /ov_msckf
[rosmaster.master][INFO] 2026-07-21 15:47:06,281: +PARAM [/ov_msckf/loop_depth/compressedDepth/depth_max] by /ov_msckf
[rosmaster.master][INFO] 2026-07-21 15:47:06,283: +PARAM [/ov_msckf/loop_depth/compressedDepth/depth_quantization] by /ov_msckf
[rosmaster.master][INFO] 2026-07-21 15:47:06,284: +PARAM [/ov_msckf/loop_depth/compressedDepth/png_level] by /ov_msckf
[rosmaster.master][INFO] 2026-07-21 15:47:06,286: +PARAM [/ov_msckf/loop_depth/compressedDepth/format] by /ov_msckf
[rosmaster.master][INFO] 2026-07-21 15:47:06,288: +PARAM [/ov_msckf/loop_depth/compressedDepth/depth_max] by /ov_msckf
[rosmaster.master][INFO] 2026-07-21 15:47:06,290: +PARAM [/ov_msckf/loop_depth/compressedDepth/depth_quantization] by /ov_msckf
[rosmaster.master][INFO] 2026-07-21 15:47:06,292: +PARAM [/ov_msckf/loop_depth/compressedDepth/png_level] by /ov_msckf
[rosmaster.master][INFO] 2026-07-21 15:47:06,294: +PUB [/ov_msckf/loop_depth/compressed] /ov_msckf http://localhost:33041/
[rosmaster.master][INFO] 2026-07-21 15:47:06,296: +SERVICE [/ov_msckf/loop_depth/compressed/set_parameters] /ov_msckf http://localhost:33041/
[rosmaster.master][INFO] 2026-07-21 15:47:06,297: +PUB [/ov_msckf/loop_depth/compressed/parameter_descriptions] /ov_msckf http://localhost:33041/
[rosmaster.master][INFO] 2026-07-21 15:47:06,298: +PUB [/ov_msckf/loop_depth/compressed/parameter_updates] /ov_msckf http://localhost:33041/
[rosmaster.master][INFO] 2026-07-21 15:47:06,301: +PARAM [/ov_msckf/loop_depth/compressed/format] by /ov_msckf
[rosmaster.master][INFO] 2026-07-21 15:47:06,302: +PARAM [/ov_msckf/loop_depth/compressed/jpeg_quality] by /ov_msckf
[rosmaster.master][INFO] 2026-07-21 15:47:06,304: +PARAM [/ov_msckf/loop_depth/compressed/jpeg_progressive] by /ov_msckf
[rosmaster.master][INFO] 2026-07-21 15:47:06,305: +PARAM [/ov_msckf/loop_depth/compressed/jpeg_optimize] by /ov_msckf
[rosmaster.master][INFO] 2026-07-21 15:47:06,306: +PARAM [/ov_msckf/loop_depth/compressed/jpeg_restart_interval] by /ov_msckf
[rosmaster.master][INFO] 2026-07-21 15:47:06,308: +PARAM [/ov_msckf/loop_depth/compressed/png_level] by /ov_msckf
[rosmaster.master][INFO] 2026-07-21 15:47:06,309: +PARAM [/ov_msckf/loop_depth/compressed/format] by /ov_msckf
[rosmaster.master][INFO] 2026-07-21 15:47:06,311: +PARAM [/ov_msckf/loop_depth/compressed/jpeg_quality] by /ov_msckf
[rosmaster.master][INFO] 2026-07-21 15:47:06,312: +PARAM [/ov_msckf/loop_depth/compressed/jpeg_progressive] by /ov_msckf
[rosmaster.master][INFO] 2026-07-21 15:47:06,313: +PARAM [/ov_msckf/loop_depth/compressed/jpeg_optimize] by /ov_msckf
[rosmaster.master][INFO] 2026-07-21 15:47:06,315: +PARAM [/ov_msckf/loop_depth/compressed/jpeg_restart_interval] by /ov_msckf
[rosmaster.master][INFO] 2026-07-21 15:47:06,316: +PARAM [/ov_msckf/loop_depth/compressed/png_level] by /ov_msckf
[rosmaster.master][INFO] 2026-07-21 15:47:06,318: +PUB [/ov_msckf/loop_depth] /ov_msckf http://localhost:33041/
[rosmaster.master][INFO] 2026-07-21 15:47:06,319: +PUB [/ov_msckf/loop_depth/theora] /ov_msckf http://localhost:33041/
[rosmaster.master][INFO] 2026-07-21 15:47:06,321: +SERVICE [/ov_msckf/loop_depth/theora/set_parameters] /ov_msckf http://localhost:33041/
[rosmaster.master][INFO] 2026-07-21 15:47:06,322: +PUB [/ov_msckf/loop_depth/theora/parameter_descriptions] /ov_msckf http://localhost:33041/
[rosmaster.master][INFO] 2026-07-21 15:47:06,324: +PUB [/ov_msckf/loop_depth/theora/parameter_updates] /ov_msckf http://localhost:33041/
[rosmaster.master][INFO] 2026-07-21 15:47:06,326: +PARAM [/ov_msckf/loop_depth/theora/optimize_for] by /ov_msckf
[rosmaster.master][INFO] 2026-07-21 15:47:06,328: +PARAM [/ov_msckf/loop_depth/theora/target_bitrate] by /ov_msckf
[rosmaster.master][INFO] 2026-07-21 15:47:06,329: +PARAM [/ov_msckf/loop_depth/theora/quality] by /ov_msckf
[rosmaster.master][INFO] 2026-07-21 15:47:06,331: +PARAM [/ov_msckf/loop_depth/theora/keyframe_frequency] by /ov_msckf
[rosmaster.master][INFO] 2026-07-21 15:47:06,333: +PARAM [/ov_msckf/loop_depth/theora/optimize_for] by /ov_msckf
[rosmaster.master][INFO] 2026-07-21 15:47:06,334: +PARAM [/ov_msckf/loop_depth/theora/target_bitrate] by /ov_msckf
[rosmaster.master][INFO] 2026-07-21 15:47:06,336: +PARAM [/ov_msckf/loop_depth/theora/quality] by /ov_msckf
[rosmaster.master][INFO] 2026-07-21 15:47:06,337: +PARAM [/ov_msckf/loop_depth/theora/keyframe_frequency] by /ov_msckf
[rosmaster.master][INFO] 2026-07-21 15:47:06,339: +PUB [/ov_msckf/loop_depth_colored/compressedDepth] /ov_msckf http://localhost:33041/
[rosmaster.master][INFO] 2026-07-21 15:47:06,341: +SERVICE [/ov_msckf/loop_depth_colored/compressedDepth/set_parameters] /ov_msckf http://localhost:33041/
[rosmaster.master][INFO] 2026-07-21 15:47:06,342: +PUB [/ov_msckf/loop_depth_colored/compressedDepth/parameter_descriptions] /ov_msckf http://localhost:33041/
[rosmaster.master][INFO] 2026-07-21 15:47:06,344: +PUB [/ov_msckf/loop_depth_colored/compressedDepth/parameter_updates] /ov_msckf http://localhost:33041/
[rosmaster.master][INFO] 2026-07-21 15:47:06,347: +PARAM [/ov_msckf/loop_depth_colored/compressedDepth/format] by /ov_msckf
[rosmaster.master][INFO] 2026-07-21 15:47:06,348: +PARAM [/ov_msckf/loop_depth_colored/compressedDepth/depth_max] by /ov_msckf
[rosmaster.master][INFO] 2026-07-21 15:47:06,349: +PARAM [/ov_msckf/loop_depth_colored/compressedDepth/depth_quantization] by /ov_msckf
[rosmaster.master][INFO] 2026-07-21 15:47:06,351: +PARAM [/ov_msckf/loop_depth_colored/compressedDepth/png_level] by /ov_msckf
[rosmaster.master][INFO] 2026-07-21 15:47:06,352: +PARAM [/ov_msckf/loop_depth_colored/compressedDepth/format] by /ov_msckf
[rosmaster.master][INFO] 2026-07-21 15:47:06,353: +PARAM [/ov_msckf/loop_depth_colored/compressedDepth/depth_max] by /ov_msckf
[rosmaster.master][INFO] 2026-07-21 15:47:06,354: +PARAM [/ov_msckf/loop_depth_colored/compressedDepth/depth_quantization] by /ov_msckf
[rosmaster.master][INFO] 2026-07-21 15:47:06,355: +PARAM [/ov_msckf/loop_depth_colored/compressedDepth/png_level] by /ov_msckf
[rosmaster.master][INFO] 2026-07-21 15:47:06,357: +PUB [/ov_msckf/loop_depth_colored/compressed] /ov_msckf http://localhost:33041/
[rosmaster.master][INFO] 2026-07-21 15:47:06,358: +SERVICE [/ov_msckf/loop_depth_colored/compressed/set_parameters] /ov_msckf http://localhost:33041/
[rosmaster.master][INFO] 2026-07-21 15:47:06,360: +PUB [/ov_msckf/loop_depth_colored/compressed/parameter_descriptions] /ov_msckf http://localhost:33041/
[rosmaster.master][INFO] 2026-07-21 15:47:06,361: +PUB [/ov_msckf/loop_depth_colored/compressed/parameter_updates] /ov_msckf http://localhost:33041/
[rosmaster.master][INFO] 2026-07-21 15:47:06,364: +PARAM [/ov_msckf/loop_depth_colored/compressed/format] by /ov_msckf
[rosmaster.master][INFO] 2026-07-21 15:47:06,366: +PARAM [/ov_msckf/loop_depth_colored/compressed/jpeg_quality] by /ov_msckf
[rosmaster.master][INFO] 2026-07-21 15:47:06,367: +PARAM [/ov_msckf/loop_depth_colored/compressed/jpeg_progressive] by /ov_msckf
[rosmaster.master][INFO] 2026-07-21 15:47:06,368: +PARAM [/ov_msckf/loop_depth_colored/compressed/jpeg_optimize] by /ov_msckf
[rosmaster.master][INFO] 2026-07-21 15:47:06,370: +PARAM [/ov_msckf/loop_depth_colored/compressed/jpeg_restart_interval] by /ov_msckf
[rosmaster.master][INFO] 2026-07-21 15:47:06,371: +PARAM [/ov_msckf/loop_depth_colored/compressed/png_level] by /ov_msckf
[rosmaster.master][INFO] 2026-07-21 15:47:06,373: +PARAM [/ov_msckf/loop_depth_colored/compressed/format] by /ov_msckf
[rosmaster.master][INFO] 2026-07-21 15:47:06,374: +PARAM [/ov_msckf/loop_depth_colored/compressed/jpeg_quality] by /ov_msckf
[rosmaster.master][INFO] 2026-07-21 15:47:06,376: +PARAM [/ov_msckf/loop_depth_colored/compressed/jpeg_progressive] by /ov_msckf
[rosmaster.master][INFO] 2026-07-21 15:47:06,377: +PARAM [/ov_msckf/loop_depth_colored/compressed/jpeg_optimize] by /ov_msckf
[rosmaster.master][INFO] 2026-07-21 15:47:06,379: +PARAM [/ov_msckf/loop_depth_colored/compressed/jpeg_restart_interval] by /ov_msckf
[rosmaster.master][INFO] 2026-07-21 15:47:06,380: +PARAM [/ov_msckf/loop_depth_colored/compressed/png_level] by /ov_msckf
[rosmaster.master][INFO] 2026-07-21 15:47:06,382: +PUB [/ov_msckf/loop_depth_colored] /ov_msckf http://localhost:33041/
[rosmaster.master][INFO] 2026-07-21 15:47:06,384: +PUB [/ov_msckf/loop_depth_colored/theora] /ov_msckf http://localhost:33041/
[rosmaster.master][INFO] 2026-07-21 15:47:06,385: +SERVICE [/ov_msckf/loop_depth_colored/theora/set_parameters] /ov_msckf http://localhost:33041/
[rosmaster.master][INFO] 2026-07-21 15:47:06,387: +PUB [/ov_msckf/loop_depth_colored/theora/parameter_descriptions] /ov_msckf http://localhost:33041/
[rosmaster.master][INFO] 2026-07-21 15:47:06,389: +PUB [/ov_msckf/loop_depth_colored/theora/parameter_updates] /ov_msckf http://localhost:33041/
[rosmaster.master][INFO] 2026-07-21 15:47:06,392: +PARAM [/ov_msckf/loop_depth_colored/theora/optimize_for] by /ov_msckf
[rosmaster.master][INFO] 2026-07-21 15:47:06,394: +PARAM [/ov_msckf/loop_depth_colored/theora/target_bitrate] by /ov_msckf
[rosmaster.master][INFO] 2026-07-21 15:47:06,395: +PARAM [/ov_msckf/loop_depth_colored/theora/quality] by /ov_msckf
[rosmaster.master][INFO] 2026-07-21 15:47:06,397: +PARAM [/ov_msckf/loop_depth_colored/theora/keyframe_frequency] by /ov_msckf
[rosmaster.master][INFO] 2026-07-21 15:47:06,398: +PARAM [/ov_msckf/loop_depth_colored/theora/optimize_for] by /ov_msckf
[rosmaster.master][INFO] 2026-07-21 15:47:06,399: +PARAM [/ov_msckf/loop_depth_colored/theora/target_bitrate] by /ov_msckf
[rosmaster.master][INFO] 2026-07-21 15:47:06,400: +PARAM [/ov_msckf/loop_depth_colored/theora/quality] by /ov_msckf
[rosmaster.master][INFO] 2026-07-21 15:47:06,402: +PARAM [/ov_msckf/loop_depth_colored/theora/keyframe_frequency] by /ov_msckf
[rosmaster.master][INFO] 2026-07-21 15:49:44,849: -PUB [/rosout] /ov_msckf http://localhost:33041/
[rosmaster.master][INFO] 2026-07-21 15:49:44,852: -PUB [/tf] /ov_msckf http://localhost:33041/
[rosmaster.master][INFO] 2026-07-21 15:49:44,865: publisherUpdate[/rosout] -> http://localhost:43531/ ['http://localhost:46281/']
[rosmaster.master][INFO] 2026-07-21 15:49:44,913: -PUB [/ov_msckf/poseimu] /ov_msckf http://localhost:33041/
[rosmaster.master][INFO] 2026-07-21 15:49:44,914: publisherUpdate[/rosout] -> http://localhost:43531/ ['http://localhost:46281/']: sec=0.00, result=[1, '', 0]
[rosmaster.master][INFO] 2026-07-21 15:49:44,915: -PUB [/ov_msckf/odomimu] /ov_msckf http://localhost:33041/
[rosmaster.master][INFO] 2026-07-21 15:49:44,916: publisherUpdate[/ov_msckf/poseimu] -> http://localhost:46281/ []
[rosmaster.master][INFO] 2026-07-21 15:49:44,918: -PUB [/ov_msckf/pathimu] /ov_msckf http://localhost:33041/
[rosmaster.master][INFO] 2026-07-21 15:49:44,920: publisherUpdate[/ov_msckf/poseimu] -> http://localhost:46281/ []: sec=0.00, result=[1, '', 0]
[rosmaster.master][INFO] 2026-07-21 15:49:44,920: -PUB [/ov_msckf/points_msckf] /ov_msckf http://localhost:33041/
[rosmaster.master][INFO] 2026-07-21 15:49:44,922: -PUB [/ov_msckf/points_slam] /ov_msckf http://localhost:33041/
[rosmaster.master][INFO] 2026-07-21 15:49:44,924: -PUB [/ov_msckf/points_aruco] /ov_msckf http://localhost:33041/
[rosmaster.master][INFO] 2026-07-21 15:49:44,925: -PUB [/ov_msckf/points_sim] /ov_msckf http://localhost:33041/
[rosmaster.master][INFO] 2026-07-21 15:49:44,927: -PUB [/ov_msckf/trackhist/compressedDepth] /ov_msckf http://localhost:33041/
[rosmaster.master][INFO] 2026-07-21 15:49:44,928: -PUB [/ov_msckf/trackhist/compressedDepth/parameter_descriptions] /ov_msckf http://localhost:33041/
[rosmaster.master][INFO] 2026-07-21 15:49:44,930: -PUB [/ov_msckf/trackhist/compressedDepth/parameter_updates] /ov_msckf http://localhost:33041/
[rosmaster.master][INFO] 2026-07-21 15:49:44,931: -PUB [/ov_msckf/trackhist/compressed] /ov_msckf http://localhost:33041/
[rosmaster.master][INFO] 2026-07-21 15:49:44,933: -PUB [/ov_msckf/trackhist/compressed/parameter_descriptions] /ov_msckf http://localhost:33041/
[rosmaster.master][INFO] 2026-07-21 15:49:44,935: -PUB [/ov_msckf/trackhist/compressed/parameter_updates] /ov_msckf http://localhost:33041/
[rosmaster.master][INFO] 2026-07-21 15:49:44,936: -PUB [/ov_msckf/trackhist] /ov_msckf http://localhost:33041/
[rosmaster.master][INFO] 2026-07-21 15:49:44,938: -PUB [/ov_msckf/trackhist/theora] /ov_msckf http://localhost:33041/
[rosmaster.master][INFO] 2026-07-21 15:49:44,940: -PUB [/ov_msckf/trackhist/theora/parameter_descriptions] /ov_msckf http://localhost:33041/
[rosmaster.master][INFO] 2026-07-21 15:49:44,941: -PUB [/ov_msckf/trackhist/theora/parameter_updates] /ov_msckf http://localhost:33041/
[rosmaster.master][INFO] 2026-07-21 15:49:44,943: -PUB [/ov_msckf/posegt] /ov_msckf http://localhost:33041/
[rosmaster.master][INFO] 2026-07-21 15:49:44,945: -PUB [/ov_msckf/pathgt] /ov_msckf http://localhost:33041/
[rosmaster.master][INFO] 2026-07-21 15:49:44,947: -PUB [/ov_msckf/loop_pose] /ov_msckf http://localhost:33041/
[rosmaster.master][INFO] 2026-07-21 15:49:44,948: -PUB [/ov_msckf/loop_feats] /ov_msckf http://localhost:33041/
[rosmaster.master][INFO] 2026-07-21 15:49:44,950: -PUB [/ov_msckf/loop_extrinsic] /ov_msckf http://localhost:33041/
[rosmaster.master][INFO] 2026-07-21 15:49:44,982: -PUB [/ov_msckf/loop_intrinsics] /ov_msckf http://localhost:33041/
[rosmaster.master][INFO] 2026-07-21 15:49:44,984: -PUB [/ov_msckf/loop_depth/compressedDepth] /ov_msckf http://localhost:33041/
[rosmaster.master][INFO] 2026-07-21 15:49:44,985: -PUB [/ov_msckf/loop_depth/compressedDepth/parameter_descriptions] /ov_msckf http://localhost:33041/
[rosmaster.master][INFO] 2026-07-21 15:49:44,986: -PUB [/ov_msckf/loop_depth/compressedDepth/parameter_updates] /ov_msckf http://localhost:33041/
[rosmaster.master][INFO] 2026-07-21 15:49:44,988: -PUB [/ov_msckf/loop_depth/compressed] /ov_msckf http://localhost:33041/
[rosmaster.master][INFO] 2026-07-21 15:49:44,989: -PUB [/ov_msckf/loop_depth/compressed/parameter_descriptions] /ov_msckf http://localhost:33041/
[rosmaster.master][INFO] 2026-07-21 15:49:44,990: -PUB [/ov_msckf/loop_depth/compressed/parameter_updates] /ov_msckf http://localhost:33041/
[rosmaster.master][INFO] 2026-07-21 15:49:44,992: -PUB [/ov_msckf/loop_depth] /ov_msckf http://localhost:33041/
[rosmaster.master][INFO] 2026-07-21 15:49:44,993: -PUB [/ov_msckf/loop_depth/theora] /ov_msckf http://localhost:33041/
[rosmaster.master][INFO] 2026-07-21 15:49:44,995: -PUB [/ov_msckf/loop_depth/theora/parameter_descriptions] /ov_msckf http://localhost:33041/
[rosmaster.master][INFO] 2026-07-21 15:49:44,997: -PUB [/ov_msckf/loop_depth/theora/parameter_updates] /ov_msckf http://localhost:33041/
[rosmaster.master][INFO] 2026-07-21 15:49:44,998: -PUB [/ov_msckf/loop_depth_colored/compressedDepth] /ov_msckf http://localhost:33041/
[rosmaster.master][INFO] 2026-07-21 15:49:45,000: -PUB [/ov_msckf/loop_depth_colored/compressedDepth/parameter_descriptions] /ov_msckf http://localhost:33041/
[rosmaster.master][INFO] 2026-07-21 15:49:45,001: -PUB [/ov_msckf/loop_depth_colored/compressedDepth/parameter_updates] /ov_msckf http://localhost:33041/
[rosmaster.master][INFO] 2026-07-21 15:49:45,003: -PUB [/ov_msckf/loop_depth_colored/compressed] /ov_msckf http://localhost:33041/
[rosmaster.master][INFO] 2026-07-21 15:49:45,004: -PUB [/ov_msckf/loop_depth_colored/compressed/parameter_descriptions] /ov_msckf http://localhost:33041/
[rosmaster.master][INFO] 2026-07-21 15:49:45,006: -PUB [/ov_msckf/loop_depth_colored/compressed/parameter_updates] /ov_msckf http://localhost:33041/
[rosmaster.master][INFO] 2026-07-21 15:49:45,007: -PUB [/ov_msckf/loop_depth_colored] /ov_msckf http://localhost:33041/
[rosmaster.master][INFO] 2026-07-21 15:49:45,009: -PUB [/ov_msckf/loop_depth_colored/theora] /ov_msckf http://localhost:33041/
[rosmaster.master][INFO] 2026-07-21 15:49:45,010: -PUB [/ov_msckf/loop_depth_colored/theora/parameter_descriptions] /ov_msckf http://localhost:33041/
[rosmaster.master][INFO] 2026-07-21 15:49:45,012: -PUB [/ov_msckf/loop_depth_colored/theora/parameter_updates] /ov_msckf http://localhost:33041/
[rosmaster.master][INFO] 2026-07-21 15:49:45,013: -SERVICE [/ov_msckf/get_loggers] /ov_msckf rosrpc://localhost:53669
[rosmaster.master][INFO] 2026-07-21 15:49:45,015: -SERVICE [/ov_msckf/set_logger_level] /ov_msckf rosrpc://localhost:53669
[rosmaster.master][INFO] 2026-07-21 15:49:45,017: -SERVICE [/ov_msckf/trackhist/compressedDepth/set_parameters] /ov_msckf rosrpc://localhost:53669
[rosmaster.master][INFO] 2026-07-21 15:49:45,018: -SERVICE [/ov_msckf/trackhist/compressed/set_parameters] /ov_msckf rosrpc://localhost:53669
[rosmaster.master][INFO] 2026-07-21 15:49:45,020: -SERVICE [/ov_msckf/trackhist/theora/set_parameters] /ov_msckf rosrpc://localhost:53669
[rosmaster.master][INFO] 2026-07-21 15:49:45,022: -SERVICE [/ov_msckf/loop_depth/compressedDepth/set_parameters] /ov_msckf rosrpc://localhost:53669
[rosmaster.master][INFO] 2026-07-21 15:49:45,023: -SERVICE [/ov_msckf/loop_depth/compressed/set_parameters] /ov_msckf rosrpc://localhost:53669
[rosmaster.master][INFO] 2026-07-21 15:49:45,025: -SERVICE [/ov_msckf/loop_depth/theora/set_parameters] /ov_msckf rosrpc://localhost:53669
[rosmaster.master][INFO] 2026-07-21 15:49:45,027: -SERVICE [/ov_msckf/loop_depth_colored/compressedDepth/set_parameters] /ov_msckf rosrpc://localhost:53669
[rosmaster.master][INFO] 2026-07-21 15:49:45,038: -SERVICE [/ov_msckf/loop_depth_colored/compressed/set_parameters] /ov_msckf rosrpc://localhost:53669
[rosmaster.master][INFO] 2026-07-21 15:49:45,039: -SERVICE [/ov_msckf/loop_depth_colored/theora/set_parameters] /ov_msckf rosrpc://localhost:53669
[rosmaster.master][INFO] 2026-07-21 15:49:45,521: -PUB [/rosout] /recorder_estimate http://localhost:46281/
[rosmaster.master][INFO] 2026-07-21 15:49:45,522: publisherUpdate[/rosout] -> http://localhost:43531/ []
[rosmaster.master][INFO] 2026-07-21 15:49:45,523: -SUB [/ov_msckf/poseimu] /recorder_estimate http://localhost:46281/
[rosmaster.master][INFO] 2026-07-21 15:49:45,524: publisherUpdate[/rosout] -> http://localhost:43531/ []: sec=0.00, result=[1, '', 0]
[rosmaster.master][INFO] 2026-07-21 15:49:45,525: -SERVICE [/recorder_estimate/get_loggers] /recorder_estimate rosrpc://localhost:48975
[rosmaster.master][INFO] 2026-07-21 15:49:45,527: -SERVICE [/recorder_estimate/set_logger_level] /recorder_estimate rosrpc://localhost:48975
[rosmaster.master][INFO] 2026-07-21 15:49:45,725: -PUB [/rosout_agg] /rosout http://localhost:43531/
[rosmaster.master][INFO] 2026-07-21 15:49:45,727: -SUB [/rosout] /rosout http://localhost:43531/
[rosmaster.master][INFO] 2026-07-21 15:49:45,729: -SERVICE [/rosout/get_loggers] /rosout rosrpc://localhost:46567
[rosmaster.master][INFO] 2026-07-21 15:49:45,731: -SERVICE [/rosout/set_logger_level] /rosout rosrpc://localhost:46567
[rosmaster.main][INFO] 2026-07-21 15:49:45,791: keyboard interrupt, will exit
[rosmaster.main][INFO] 2026-07-21 15:49:45,793: stopping master...
[rospy.core][INFO] 2026-07-21 15:49:45,794: signal_shutdown [atexit]
