[roslaunch][INFO] 2026-07-21 15:49:48,049: Checking log directory for disk usage. This may take a while.
Press Ctrl-C to interrupt
[roslaunch][INFO] 2026-07-21 15:49:48,059: Done checking log file disk usage. Usage is <1GB.
[roslaunch][INFO] 2026-07-21 15:49:48,059: roslaunch starting with args ['/opt/ros/noetic/bin/roslaunch', 'ov_msckf', 'serial.launch', 'config:=euroc_mav', 'dataset:=MH_05_difficult', 'bag:=/datasets/machine_hall/MH_05_difficult/MH_05_difficult.bag', 'bag_start:=5', 'max_cameras:=2', 'use_stereo:=true', 'dosave:=true', 'path_est:=/results/MH_05_difficult/estimate.txt', 'dotime:=true', 'path_time:=/results/MH_05_difficult/timing.txt', 'dolivetraj:=false']
[roslaunch][INFO] 2026-07-21 15:49:48,060: roslaunch env is environ({'HOSTNAME': '3aab84264a2b', 'ROS_PACKAGE_PATH': '/catkin_ws/src/open_vins/ov_core:/catkin_ws/src/open_vins/ov_data:/catkin_ws/src/open_vins/ov_eval:/catkin_ws/src/open_vins/ov_init:/catkin_ws/src/open_vins/ov_msckf:/opt/ros/noetic/share', 'LD_LIBRARY_PATH': '/catkin_ws/devel/lib:/opt/ros/noetic/lib', 'ROS_ETC_DIR': '/opt/ros/noetic/etc/ros', 'HOME': '/tmp', 'ROS_PYTHON_VERSION': '3', 'ROS_LOG_DIR': '/results/MH_05_difficult/ros_logs', 'ROS_DISTRO': 'noetic', 'PKG_CONFIG_PATH': '/catkin_ws/devel/lib/pkgconfig:/opt/ros/noetic/lib/pkgconfig', 'ROS_VERSION': '1', 'PATH': '/opt/ros/noetic/bin:/usr/local/sbin:/usr/local/bin:/usr/sbin:/usr/bin:/sbin:/bin', 'LANG': 'C.UTF-8', 'ROS_ROOT': '/opt/ros/noetic/share/ros', 'ROSLISP_PACKAGE_DIRECTORIES': '/catkin_ws/devel/share/common-lisp', 'ROS_MASTER_URI': 'http://localhost:11311', 'LC_ALL': 'C.UTF-8', 'PWD': '/catkin_ws', 'ROS_HOSTNAME': 'localhost', 'PYTHONPATH': '/opt/ros/noetic/lib/python3/dist-packages', 'CMAKE_PREFIX_PATH': '/catkin_ws/devel:/opt/ros/noetic', 'ROS_LOG_FILENAME': '/results/MH_05_difficult/ros_logs/cd4ac552-851b-11f1-a2a2-d2d0aca5696c/roslaunch-3aab84264a2b-1.log'})
[roslaunch][INFO] 2026-07-21 15:49:48,061: starting in server mode
[roslaunch.parent][INFO] 2026-07-21 15:49:48,062: starting roslaunch parent run
[roslaunch][INFO] 2026-07-21 15:49:48,064: loading roscore config file /opt/ros/noetic/etc/ros/roscore.xml
[roslaunch][INFO] 2026-07-21 15:49:48,202: Added core node of type [rosout/rosout] in namespace [/]
[roslaunch.config][INFO] 2026-07-21 15:49:48,204: loading config file /catkin_ws/src/open_vins/ov_msckf/launch/serial.launch
[roslaunch][INFO] 2026-07-21 15:49:48,260: Added node of type [ov_msckf/ros1_serial_msckf] in namespace [/]
[roslaunch][INFO] 2026-07-21 15:49:48,262: Added node of type [ov_eval/pose_to_file] in namespace [/]
[roslaunch][INFO] 2026-07-21 15:49:48,263: ... selected machine [] for node of type [ov_msckf/ros1_serial_msckf]
[roslaunch][INFO] 2026-07-21 15:49:48,264: ... selected machine [] for node of type [ov_eval/pose_to_file]
[roslaunch.pmon][INFO] 2026-07-21 15:49:48,267: start_process_monitor: creating ProcessMonitor
[roslaunch.pmon][INFO] 2026-07-21 15:49:48,268: created process monitor <ProcessMonitor(ProcessMonitor-1, initial daemon)>
[roslaunch.pmon][INFO] 2026-07-21 15:49:48,270: start_process_monitor: ProcessMonitor started
[roslaunch.parent][INFO] 2026-07-21 15:49:48,271: starting parent XML-RPC server
[roslaunch.server][INFO] 2026-07-21 15:49:48,273: starting roslaunch XML-RPC server
[roslaunch.server][INFO] 2026-07-21 15:49:48,274: waiting for roslaunch XML-RPC server to initialize
[xmlrpc][INFO] 2026-07-21 15:49:48,274: XML-RPC server binding to 127.0.0.1:0
[xmlrpc][INFO] 2026-07-21 15:49:48,277: Started XML-RPC server [http://localhost:39765/]
[xmlrpc][INFO] 2026-07-21 15:49:48,278: xml rpc node: starting XML-RPC server
[roslaunch][INFO] 2026-07-21 15:49:48,288: started roslaunch server http://localhost:39765/
[roslaunch.parent][INFO] 2026-07-21 15:49:48,289: ... parent XML-RPC server started
[roslaunch][INFO] 2026-07-21 15:49:48,291: master.is_running[http://localhost:11311]
[roslaunch][INFO] 2026-07-21 15:49:48,293: auto-starting new master
[roslaunch][INFO] 2026-07-21 15:49:48,294: create_master_process: rosmaster, /opt/ros/noetic/share/ros, 11311, 3, None, False
[roslaunch][INFO] 2026-07-21 15:49:48,295: process[master]: launching with args [['rosmaster', '--core', '-p', '11311', '-w', '3']]
[roslaunch.pmon][INFO] 2026-07-21 15:49:48,296: ProcessMonitor.register[master]
[roslaunch.pmon][INFO] 2026-07-21 15:49:48,298: ProcessMonitor.register[master] complete
[roslaunch][INFO] 2026-07-21 15:49:48,298: process[master]: starting os process
[roslaunch][INFO] 2026-07-21 15:49:48,300: process[master]: start w/ args [['rosmaster', '--core', '-p', '11311', '-w', '3', '__log:=/results/MH_05_difficult/ros_logs/cd4ac552-851b-11f1-a2a2-d2d0aca5696c/master.log']]
[roslaunch][INFO] 2026-07-21 15:49:48,300: process[master]: cwd will be [/tmp/.ros]
[roslaunch][INFO] 2026-07-21 15:49:48,307: process[master]: started with pid [88]
[roslaunch][INFO] 2026-07-21 15:49:48,309: master.is_running[http://localhost:11311]
[roslaunch][INFO] 2026-07-21 15:49:48,410: master.is_running[http://localhost:11311]
[roslaunch][INFO] 2026-07-21 15:49:48,512: master.is_running[http://localhost:11311]
[roslaunch][INFO] 2026-07-21 15:49:48,614: master.is_running[http://localhost:11311]
[roslaunch][INFO] 2026-07-21 15:49:48,617: master.is_running[http://localhost:11311]
[roslaunch][INFO] 2026-07-21 15:49:48,620: ROS_MASTER_URI=http://localhost:11311
[roslaunch][INFO] 2026-07-21 15:49:48,622: setting /run_id to cd4ac552-851b-11f1-a2a2-d2d0aca5696c
[roslaunch][INFO] 2026-07-21 15:49:48,625: setting /roslaunch/uris/host_localhost__39765' to http://localhost:39765/
[roslaunch][INFO] 2026-07-21 15:49:48,628: ... preparing to launch node of type [rosout/rosout]
[roslaunch][INFO] 2026-07-21 15:49:48,629: create_node_process: package[rosout] type[rosout] machine[Machine(name[] env_loader[None] address[localhost] ssh_port[22] user[None] assignable[True] timeout[10.0])] master_uri[http://localhost:11311]
[roslaunch][INFO] 2026-07-21 15:49:48,630: process[rosout-1]: env[{'HOSTNAME': '3aab84264a2b', 'ROS_PACKAGE_PATH': '/catkin_ws/src/open_vins/ov_core:/catkin_ws/src/open_vins/ov_data:/catkin_ws/src/open_vins/ov_eval:/catkin_ws/src/open_vins/ov_init:/catkin_ws/src/open_vins/ov_msckf:/opt/ros/noetic/share', 'LD_LIBRARY_PATH': '/catkin_ws/devel/lib:/opt/ros/noetic/lib', 'ROS_ETC_DIR': '/opt/ros/noetic/etc/ros', 'HOME': '/tmp', 'ROS_PYTHON_VERSION': '3', 'ROS_LOG_DIR': '/results/MH_05_difficult/ros_logs', 'ROS_DISTRO': 'noetic', 'PKG_CONFIG_PATH': '/catkin_ws/devel/lib/pkgconfig:/opt/ros/noetic/lib/pkgconfig', 'ROS_VERSION': '1', 'PATH': '/opt/ros/noetic/bin:/usr/local/sbin:/usr/local/bin:/usr/sbin:/usr/bin:/sbin:/bin', 'LANG': 'C.UTF-8', 'ROS_ROOT': '/opt/ros/noetic/share/ros', 'ROSLISP_PACKAGE_DIRECTORIES': '/catkin_ws/devel/share/common-lisp', 'ROS_MASTER_URI': 'http://localhost:11311', 'LC_ALL': 'C.UTF-8', 'PWD': '/catkin_ws', 'ROS_HOSTNAME': 'localhost', 'PYTHONPATH': '/opt/ros/noetic/lib/python3/dist-packages', 'CMAKE_PREFIX_PATH': '/catkin_ws/devel:/opt/ros/noetic', 'ROS_LOG_FILENAME': '/results/MH_05_difficult/ros_logs/cd4ac552-851b-11f1-a2a2-d2d0aca5696c/roslaunch-3aab84264a2b-1.log'}]
[roslaunch][INFO] 2026-07-21 15:49:48,657: process[rosout-1]: args[['/opt/ros/noetic/lib/rosout/rosout', '__name:=rosout']]
[roslaunch][INFO] 2026-07-21 15:49:48,658: ... created process [rosout-1]
[roslaunch.pmon][INFO] 2026-07-21 15:49:48,659: ProcessMonitor.register[rosout-1]
[roslaunch.pmon][INFO] 2026-07-21 15:49:48,660: ProcessMonitor.register[rosout-1] complete
[roslaunch][INFO] 2026-07-21 15:49:48,662: ... registered process [rosout-1]
[roslaunch][INFO] 2026-07-21 15:49:48,663: process[rosout-1]: starting os process
[roslaunch][INFO] 2026-07-21 15:49:48,666: process[rosout-1]: start w/ args [['/opt/ros/noetic/lib/rosout/rosout', '__name:=rosout', '__log:=/results/MH_05_difficult/ros_logs/cd4ac552-851b-11f1-a2a2-d2d0aca5696c/rosout-1.log']]
[roslaunch][INFO] 2026-07-21 15:49:48,667: process[rosout-1]: cwd will be [/tmp/.ros]
[roslaunch][INFO] 2026-07-21 15:49:48,673: process[rosout-1]: started with pid [161]
[roslaunch][INFO] 2026-07-21 15:49:48,674: ... successfully launched [rosout-1]
[roslaunch][INFO] 2026-07-21 15:49:48,676: load_parameters starting ...
[roslaunch][INFO] 2026-07-21 15:49:48,732: ... load_parameters complete
[roslaunch][INFO] 2026-07-21 15:49:48,734: launch_nodes: launching local nodes ...
[roslaunch][INFO] 2026-07-21 15:49:48,735: ... preparing to launch node of type [ov_msckf/ros1_serial_msckf]
[roslaunch][INFO] 2026-07-21 15:49:48,736: create_node_process: package[ov_msckf] type[ros1_serial_msckf] machine[Machine(name[] env_loader[None] address[localhost] ssh_port[22] user[None] assignable[True] timeout[10.0])] master_uri[http://localhost:11311]
[roslaunch][INFO] 2026-07-21 15:49:48,737: process[ov_msckf-2]: env[{'HOSTNAME': '3aab84264a2b', 'ROS_PACKAGE_PATH': '/catkin_ws/src/open_vins/ov_core:/catkin_ws/src/open_vins/ov_data:/catkin_ws/src/open_vins/ov_eval:/catkin_ws/src/open_vins/ov_init:/catkin_ws/src/open_vins/ov_msckf:/opt/ros/noetic/share', 'LD_LIBRARY_PATH': '/catkin_ws/devel/lib:/opt/ros/noetic/lib', 'ROS_ETC_DIR': '/opt/ros/noetic/etc/ros', 'HOME': '/tmp', 'ROS_PYTHON_VERSION': '3', 'ROS_LOG_DIR': '/results/MH_05_difficult/ros_logs', 'ROS_DISTRO': 'noetic', 'PKG_CONFIG_PATH': '/catkin_ws/devel/lib/pkgconfig:/opt/ros/noetic/lib/pkgconfig', 'ROS_VERSION': '1', 'PATH': '/opt/ros/noetic/bin:/usr/local/sbin:/usr/local/bin:/usr/sbin:/usr/bin:/sbin:/bin', 'LANG': 'C.UTF-8', 'ROS_ROOT': '/opt/ros/noetic/share/ros', 'ROSLISP_PACKAGE_DIRECTORIES': '/catkin_ws/devel/share/common-lisp', 'ROS_MASTER_URI': 'http://localhost:11311', 'LC_ALL': 'C.UTF-8', 'PWD': '/catkin_ws', 'ROS_HOSTNAME': 'localhost', 'PYTHONPATH': '/opt/ros/noetic/lib/python3/dist-packages', 'CMAKE_PREFIX_PATH': '/catkin_ws/devel:/opt/ros/noetic', 'ROS_LOG_FILENAME': '/results/MH_05_difficult/ros_logs/cd4ac552-851b-11f1-a2a2-d2d0aca5696c/roslaunch-3aab84264a2b-1.log'}]
[roslaunch][INFO] 2026-07-21 15:49:48,739: process[ov_msckf-2]: args[['/catkin_ws/devel/.private/ov_msckf/lib/ov_msckf/ros1_serial_msckf', '__name:=ov_msckf']]
[roslaunch][INFO] 2026-07-21 15:49:48,740: ... created process [ov_msckf-2]
[roslaunch.pmon][INFO] 2026-07-21 15:49:48,742: ProcessMonitor.register[ov_msckf-2]
[roslaunch.pmon][INFO] 2026-07-21 15:49:48,743: ProcessMonitor.register[ov_msckf-2] complete
[roslaunch][INFO] 2026-07-21 15:49:48,744: ... registered process [ov_msckf-2]
[roslaunch][INFO] 2026-07-21 15:49:48,745: process[ov_msckf-2]: starting os process
[roslaunch][INFO] 2026-07-21 15:49:48,746: process[ov_msckf-2]: start w/ args [['/catkin_ws/devel/.private/ov_msckf/lib/ov_msckf/ros1_serial_msckf', '__name:=ov_msckf', '__log:=/results/MH_05_difficult/ros_logs/cd4ac552-851b-11f1-a2a2-d2d0aca5696c/ov_msckf-2.log']]
[roslaunch][INFO] 2026-07-21 15:49:48,747: process[ov_msckf-2]: cwd will be [/tmp/.ros]
[roslaunch][INFO] 2026-07-21 15:49:48,760: process[ov_msckf-2]: started with pid [169]
[roslaunch][INFO] 2026-07-21 15:49:48,762: ... successfully launched [ov_msckf-2]
[roslaunch][INFO] 2026-07-21 15:49:48,763: ... preparing to launch node of type [ov_eval/pose_to_file]
[roslaunch][INFO] 2026-07-21 15:49:48,764: create_node_process: package[ov_eval] type[pose_to_file] machine[Machine(name[] env_loader[None] address[localhost] ssh_port[22] user[None] assignable[True] timeout[10.0])] master_uri[http://localhost:11311]
[roslaunch][INFO] 2026-07-21 15:49:48,766: process[recorder_estimate-3]: env[{'HOSTNAME': '3aab84264a2b', 'ROS_PACKAGE_PATH': '/catkin_ws/src/open_vins/ov_core:/catkin_ws/src/open_vins/ov_data:/catkin_ws/src/open_vins/ov_eval:/catkin_ws/src/open_vins/ov_init:/catkin_ws/src/open_vins/ov_msckf:/opt/ros/noetic/share', 'LD_LIBRARY_PATH': '/catkin_ws/devel/lib:/opt/ros/noetic/lib', 'ROS_ETC_DIR': '/opt/ros/noetic/etc/ros', 'HOME': '/tmp', 'ROS_PYTHON_VERSION': '3', 'ROS_LOG_DIR': '/results/MH_05_difficult/ros_logs', 'ROS_DISTRO': 'noetic', 'PKG_CONFIG_PATH': '/catkin_ws/devel/lib/pkgconfig:/opt/ros/noetic/lib/pkgconfig', 'ROS_VERSION': '1', 'PATH': '/opt/ros/noetic/bin:/usr/local/sbin:/usr/local/bin:/usr/sbin:/usr/bin:/sbin:/bin', 'LANG': 'C.UTF-8', 'ROS_ROOT': '/opt/ros/noetic/share/ros', 'ROSLISP_PACKAGE_DIRECTORIES': '/catkin_ws/devel/share/common-lisp', 'ROS_MASTER_URI': 'http://localhost:11311', 'LC_ALL': 'C.UTF-8', 'PWD': '/catkin_ws', 'ROS_HOSTNAME': 'localhost', 'PYTHONPATH': '/opt/ros/noetic/lib/python3/dist-packages', 'CMAKE_PREFIX_PATH': '/catkin_ws/devel:/opt/ros/noetic', 'ROS_LOG_FILENAME': '/results/MH_05_difficult/ros_logs/cd4ac552-851b-11f1-a2a2-d2d0aca5696c/roslaunch-3aab84264a2b-1.log'}]
[roslaunch][INFO] 2026-07-21 15:49:48,769: process[recorder_estimate-3]: args[['/catkin_ws/devel/.private/ov_eval/lib/ov_eval/pose_to_file', '__name:=recorder_estimate']]
[roslaunch][INFO] 2026-07-21 15:49:48,771: ... created process [recorder_estimate-3]
[roslaunch.pmon][INFO] 2026-07-21 15:49:48,771: ProcessMonitor.register[recorder_estimate-3]
[roslaunch.pmon][INFO] 2026-07-21 15:49:48,772: ProcessMonitor.register[recorder_estimate-3] complete
[roslaunch][INFO] 2026-07-21 15:49:48,773: ... registered process [recorder_estimate-3]
[roslaunch][INFO] 2026-07-21 15:49:48,774: process[recorder_estimate-3]: starting os process
[roslaunch][INFO] 2026-07-21 15:49:48,775: process[recorder_estimate-3]: start w/ args [['/catkin_ws/devel/.private/ov_eval/lib/ov_eval/pose_to_file', '__name:=recorder_estimate', '__log:=/results/MH_05_difficult/ros_logs/cd4ac552-851b-11f1-a2a2-d2d0aca5696c/recorder_estimate-3.log']]
[roslaunch][INFO] 2026-07-21 15:49:48,776: process[recorder_estimate-3]: cwd will be [/tmp/.ros]
[roslaunch][INFO] 2026-07-21 15:49:48,783: process[recorder_estimate-3]: started with pid [170]
[roslaunch][INFO] 2026-07-21 15:49:48,784: ... successfully launched [recorder_estimate-3]
[roslaunch][INFO] 2026-07-21 15:49:48,785: ... launch_nodes complete
[roslaunch.pmon][INFO] 2026-07-21 15:49:48,786: registrations completed <ProcessMonitor(ProcessMonitor-1, started daemon 132543856199424)>
[roslaunch.parent][INFO] 2026-07-21 15:49:48,787: ... roslaunch parent running, waiting for process exit
[roslaunch][INFO] 2026-07-21 15:49:48,788: spin
[roslaunch][ERROR] 2026-07-21 15:52:48,358: ================================================================================REQUIRED process [ov_msckf-2] has died!
process has died [pid 169, exit code -6, cmd /catkin_ws/devel/.private/ov_msckf/lib/ov_msckf/ros1_serial_msckf __name:=ov_msckf __log:=/results/MH_05_difficult/ros_logs/cd4ac552-851b-11f1-a2a2-d2d0aca5696c/ov_msckf-2.log].
log file: /results/MH_05_difficult/ros_logs/cd4ac552-851b-11f1-a2a2-d2d0aca5696c/ov_msckf-2*.log
Initiating shutdown!
================================================================================
[roslaunch.pmon][INFO] 2026-07-21 15:52:48,459: ProcessMonitor._post_run <ProcessMonitor(ProcessMonitor-1, started daemon 132543856199424)>
[roslaunch.pmon][INFO] 2026-07-21 15:52:48,480: ProcessMonitor._post_run <ProcessMonitor(ProcessMonitor-1, started daemon 132543856199424)>: remaining procs are [<roslaunch.nodeprocess.LocalProcess object at 0x788cdc787ac0>, <roslaunch.nodeprocess.LocalProcess object at 0x788cdc7879a0>, <roslaunch.nodeprocess.LocalProcess object at 0x788cdc752f10>, <roslaunch.nodeprocess.LocalProcess object at 0x788cdc787bb0>]
[roslaunch.pmon][INFO] 2026-07-21 15:52:48,481: ProcessMonitor exit: killing recorder_estimate-3
[roslaunch.pmon][INFO] 2026-07-21 15:52:48,482: ProcessMonitor exit: killing ov_msckf-2
[roslaunch][INFO] 2026-07-21 15:52:48,483: [recorder_estimate-3] killing on exit
[roslaunch][INFO] 2026-07-21 15:52:48,484: [ov_msckf-2] killing on exit
[roslaunch][INFO] 2026-07-21 15:52:48,486: process[recorder_estimate-3]: killing os process with pid[170] pgid[170]
[roslaunch][INFO] 2026-07-21 15:52:48,488: [recorder_estimate-3] sending SIGINT to pgid [170]
[roslaunch][INFO] 2026-07-21 15:52:48,490: [recorder_estimate-3] sent SIGINT to pgid [170]
[roslaunch][INFO] 2026-07-21 15:52:48,691: process[recorder_estimate-3]: SIGINT killed with return value 0
[roslaunch.pmon][INFO] 2026-07-21 15:52:48,693: ProcessMonitor exit: killing rosout-1
[roslaunch][INFO] 2026-07-21 15:52:48,694: [rosout-1] killing on exit
[roslaunch][INFO] 2026-07-21 15:52:48,696: process[rosout-1]: killing os process with pid[161] pgid[161]
[roslaunch][INFO] 2026-07-21 15:52:48,697: [rosout-1] sending SIGINT to pgid [161]
[roslaunch][INFO] 2026-07-21 15:52:48,698: [rosout-1] sent SIGINT to pgid [161]
[roslaunch][INFO] 2026-07-21 15:52:48,900: process[rosout-1]: SIGINT killed with return value 0
[roslaunch.pmon][INFO] 2026-07-21 15:52:48,901: ProcessMonitor exit: killing master
[roslaunch][INFO] 2026-07-21 15:52:48,902: [master] killing on exit
[roslaunch][INFO] 2026-07-21 15:52:48,903: process[master]: killing os process with pid[88] pgid[88]
[roslaunch][INFO] 2026-07-21 15:52:48,903: [master] sending SIGINT to pgid [88]
[roslaunch][INFO] 2026-07-21 15:52:48,904: [master] sent SIGINT to pgid [88]
[roslaunch][INFO] 2026-07-21 15:52:49,106: process[master]: SIGINT killed with return value 0
[roslaunch.pmon][INFO] 2026-07-21 15:52:49,108: ProcessMonitor exit: cleaning up data structures and signals
[roslaunch.pmon][INFO] 2026-07-21 15:52:49,108: ProcessMonitor exit: pmon has shutdown
[roslaunch][INFO] 2026-07-21 15:52:49,175: process monitor is done spinning, initiating full shutdown
[roslaunch][INFO] 2026-07-21 15:52:49,176: runner.stop()
[roslaunch][INFO] 2026-07-21 15:52:49,177: shutting down processing monitor...
[roslaunch][INFO] 2026-07-21 15:52:49,178: shutting down processing monitor <ProcessMonitor(ProcessMonitor-1, stopped daemon 132543856199424)>
[roslaunch.pmon][INFO] 2026-07-21 15:52:49,179: ProcessMonitor.shutdown <ProcessMonitor(ProcessMonitor-1, stopped daemon 132543856199424)>
[roslaunch][INFO] 2026-07-21 15:52:49,180: ... shutting down processing monitor complete
[roslaunch][INFO] 2026-07-21 15:52:49,181: done
[roslaunch.pmon][INFO] 2026-07-21 15:52:49,183: ProcessMonitor.shutdown <ProcessMonitor(ProcessMonitor-1, stopped daemon 132543856199424)>
[rospy.core][INFO] 2026-07-21 15:52:49,184: signal_shutdown [atexit]
