[roslaunch][INFO] 2026-07-21 15:42:52,309: Checking log directory for disk usage. This may take a while.
Press Ctrl-C to interrupt
[roslaunch][INFO] 2026-07-21 15:42:52,318: Done checking log file disk usage. Usage is <1GB.
[roslaunch][INFO] 2026-07-21 15:42:52,319: roslaunch starting with args ['/opt/ros/noetic/bin/roslaunch', 'ov_msckf', 'serial.launch', 'config:=euroc_mav', 'dataset:=MH_03_medium', 'bag:=/datasets/machine_hall/MH_03_medium/MH_03_medium.bag', 'bag_start:=5', 'max_cameras:=2', 'use_stereo:=true', 'dosave:=true', 'path_est:=/results/MH_03_medium/estimate.txt', 'dotime:=true', 'path_time:=/results/MH_03_medium/timing.txt', 'dolivetraj:=false']
[roslaunch][INFO] 2026-07-21 15:42:52,319: roslaunch env is environ({'HOSTNAME': '4b4ec278ea4c', 'ROS_PACKAGE_PATH': '/catkin_ws/src/open_vins/ov_core:/catkin_ws/src/open_vins/ov_data:/catkin_ws/src/open_vins/ov_eval:/catkin_ws/src/open_vins/ov_init:/catkin_ws/src/open_vins/ov_msckf:/opt/ros/noetic/share', 'LD_LIBRARY_PATH': '/catkin_ws/devel/lib:/opt/ros/noetic/lib', 'ROS_ETC_DIR': '/opt/ros/noetic/etc/ros', 'HOME': '/tmp', 'ROS_PYTHON_VERSION': '3', 'ROS_LOG_DIR': '/results/MH_03_medium/ros_logs', 'ROS_DISTRO': 'noetic', 'PKG_CONFIG_PATH': '/catkin_ws/devel/lib/pkgconfig:/opt/ros/noetic/lib/pkgconfig', 'ROS_VERSION': '1', 'PATH': '/opt/ros/noetic/bin:/usr/local/sbin:/usr/local/bin:/usr/sbin:/usr/bin:/sbin:/bin', 'LANG': 'C.UTF-8', 'ROS_ROOT': '/opt/ros/noetic/share/ros', 'ROSLISP_PACKAGE_DIRECTORIES': '/catkin_ws/devel/share/common-lisp', 'ROS_MASTER_URI': 'http://localhost:11311', 'LC_ALL': 'C.UTF-8', 'PWD': '/catkin_ws', 'ROS_HOSTNAME': 'localhost', 'PYTHONPATH': '/opt/ros/noetic/lib/python3/dist-packages', 'CMAKE_PREFIX_PATH': '/catkin_ws/devel:/opt/ros/noetic', 'ROS_LOG_FILENAME': '/results/MH_03_medium/ros_logs/d57ec65c-851a-11f1-8dd3-82aec4732fef/roslaunch-4b4ec278ea4c-1.log'})
[roslaunch][INFO] 2026-07-21 15:42:52,320: starting in server mode
[roslaunch.parent][INFO] 2026-07-21 15:42:52,321: starting roslaunch parent run
[roslaunch][INFO] 2026-07-21 15:42:52,322: loading roscore config file /opt/ros/noetic/etc/ros/roscore.xml
[roslaunch][INFO] 2026-07-21 15:42:52,458: Added core node of type [rosout/rosout] in namespace [/]
[roslaunch.config][INFO] 2026-07-21 15:42:52,460: loading config file /catkin_ws/src/open_vins/ov_msckf/launch/serial.launch
[roslaunch][INFO] 2026-07-21 15:42:52,506: Added node of type [ov_msckf/ros1_serial_msckf] in namespace [/]
[roslaunch][INFO] 2026-07-21 15:42:52,509: Added node of type [ov_eval/pose_to_file] in namespace [/]
[roslaunch][INFO] 2026-07-21 15:42:52,510: ... selected machine [] for node of type [ov_msckf/ros1_serial_msckf]
[roslaunch][INFO] 2026-07-21 15:42:52,511: ... selected machine [] for node of type [ov_eval/pose_to_file]
[roslaunch.pmon][INFO] 2026-07-21 15:42:52,513: start_process_monitor: creating ProcessMonitor
[roslaunch.pmon][INFO] 2026-07-21 15:42:52,515: created process monitor <ProcessMonitor(ProcessMonitor-1, initial daemon)>
[roslaunch.pmon][INFO] 2026-07-21 15:42:52,516: start_process_monitor: ProcessMonitor started
[roslaunch.parent][INFO] 2026-07-21 15:42:52,517: starting parent XML-RPC server
[roslaunch.server][INFO] 2026-07-21 15:42:52,519: starting roslaunch XML-RPC server
[roslaunch.server][INFO] 2026-07-21 15:42:52,520: waiting for roslaunch XML-RPC server to initialize
[xmlrpc][INFO] 2026-07-21 15:42:52,520: XML-RPC server binding to 127.0.0.1:0
[xmlrpc][INFO] 2026-07-21 15:42:52,523: Started XML-RPC server [http://localhost:41705/]
[xmlrpc][INFO] 2026-07-21 15:42:52,524: xml rpc node: starting XML-RPC server
[roslaunch][INFO] 2026-07-21 15:42:52,534: started roslaunch server http://localhost:41705/
[roslaunch.parent][INFO] 2026-07-21 15:42:52,535: ... parent XML-RPC server started
[roslaunch][INFO] 2026-07-21 15:42:52,537: master.is_running[http://localhost:11311]
[roslaunch][INFO] 2026-07-21 15:42:52,539: auto-starting new master
[roslaunch][INFO] 2026-07-21 15:42:52,540: create_master_process: rosmaster, /opt/ros/noetic/share/ros, 11311, 3, None, False
[roslaunch][INFO] 2026-07-21 15:42:52,541: process[master]: launching with args [['rosmaster', '--core', '-p', '11311', '-w', '3']]
[roslaunch.pmon][INFO] 2026-07-21 15:42:52,543: ProcessMonitor.register[master]
[roslaunch.pmon][INFO] 2026-07-21 15:42:52,544: ProcessMonitor.register[master] complete
[roslaunch][INFO] 2026-07-21 15:42:52,545: process[master]: starting os process
[roslaunch][INFO] 2026-07-21 15:42:52,546: process[master]: start w/ args [['rosmaster', '--core', '-p', '11311', '-w', '3', '__log:=/results/MH_03_medium/ros_logs/d57ec65c-851a-11f1-8dd3-82aec4732fef/master.log']]
[roslaunch][INFO] 2026-07-21 15:42:52,547: process[master]: cwd will be [/tmp/.ros]
[roslaunch][INFO] 2026-07-21 15:42:52,554: process[master]: started with pid [88]
[roslaunch][INFO] 2026-07-21 15:42:52,555: master.is_running[http://localhost:11311]
[roslaunch][INFO] 2026-07-21 15:42:52,657: master.is_running[http://localhost:11311]
[roslaunch][INFO] 2026-07-21 15:42:52,759: master.is_running[http://localhost:11311]
[roslaunch][INFO] 2026-07-21 15:42:52,861: master.is_running[http://localhost:11311]
[roslaunch][INFO] 2026-07-21 15:42:52,864: master.is_running[http://localhost:11311]
[roslaunch][INFO] 2026-07-21 15:42:52,867: ROS_MASTER_URI=http://localhost:11311
[roslaunch][INFO] 2026-07-21 15:42:52,869: setting /run_id to d57ec65c-851a-11f1-8dd3-82aec4732fef
[roslaunch][INFO] 2026-07-21 15:42:52,871: setting /roslaunch/uris/host_localhost__41705' to http://localhost:41705/
[roslaunch][INFO] 2026-07-21 15:42:52,874: ... preparing to launch node of type [rosout/rosout]
[roslaunch][INFO] 2026-07-21 15:42:52,875: create_node_process: package[rosout] type[rosout] machine[Machine(name[] env_loader[None] address[localhost] ssh_port[22] user[None] assignable[True] timeout[10.0])] master_uri[http://localhost:11311]
[roslaunch][INFO] 2026-07-21 15:42:52,877: process[rosout-1]: env[{'HOSTNAME': '4b4ec278ea4c', 'ROS_PACKAGE_PATH': '/catkin_ws/src/open_vins/ov_core:/catkin_ws/src/open_vins/ov_data:/catkin_ws/src/open_vins/ov_eval:/catkin_ws/src/open_vins/ov_init:/catkin_ws/src/open_vins/ov_msckf:/opt/ros/noetic/share', 'LD_LIBRARY_PATH': '/catkin_ws/devel/lib:/opt/ros/noetic/lib', 'ROS_ETC_DIR': '/opt/ros/noetic/etc/ros', 'HOME': '/tmp', 'ROS_PYTHON_VERSION': '3', 'ROS_LOG_DIR': '/results/MH_03_medium/ros_logs', 'ROS_DISTRO': 'noetic', 'PKG_CONFIG_PATH': '/catkin_ws/devel/lib/pkgconfig:/opt/ros/noetic/lib/pkgconfig', 'ROS_VERSION': '1', 'PATH': '/opt/ros/noetic/bin:/usr/local/sbin:/usr/local/bin:/usr/sbin:/usr/bin:/sbin:/bin', 'LANG': 'C.UTF-8', 'ROS_ROOT': '/opt/ros/noetic/share/ros', 'ROSLISP_PACKAGE_DIRECTORIES': '/catkin_ws/devel/share/common-lisp', 'ROS_MASTER_URI': 'http://localhost:11311', 'LC_ALL': 'C.UTF-8', 'PWD': '/catkin_ws', 'ROS_HOSTNAME': 'localhost', 'PYTHONPATH': '/opt/ros/noetic/lib/python3/dist-packages', 'CMAKE_PREFIX_PATH': '/catkin_ws/devel:/opt/ros/noetic', 'ROS_LOG_FILENAME': '/results/MH_03_medium/ros_logs/d57ec65c-851a-11f1-8dd3-82aec4732fef/roslaunch-4b4ec278ea4c-1.log'}]
[roslaunch][INFO] 2026-07-21 15:42:52,903: process[rosout-1]: args[['/opt/ros/noetic/lib/rosout/rosout', '__name:=rosout']]
[roslaunch][INFO] 2026-07-21 15:42:52,904: ... created process [rosout-1]
[roslaunch.pmon][INFO] 2026-07-21 15:42:52,906: ProcessMonitor.register[rosout-1]
[roslaunch.pmon][INFO] 2026-07-21 15:42:52,907: ProcessMonitor.register[rosout-1] complete
[roslaunch][INFO] 2026-07-21 15:42:52,908: ... registered process [rosout-1]
[roslaunch][INFO] 2026-07-21 15:42:52,909: process[rosout-1]: starting os process
[roslaunch][INFO] 2026-07-21 15:42:52,912: process[rosout-1]: start w/ args [['/opt/ros/noetic/lib/rosout/rosout', '__name:=rosout', '__log:=/results/MH_03_medium/ros_logs/d57ec65c-851a-11f1-8dd3-82aec4732fef/rosout-1.log']]
[roslaunch][INFO] 2026-07-21 15:42:52,913: process[rosout-1]: cwd will be [/tmp/.ros]
[roslaunch][INFO] 2026-07-21 15:42:52,920: process[rosout-1]: started with pid [161]
[roslaunch][INFO] 2026-07-21 15:42:52,922: ... successfully launched [rosout-1]
[roslaunch][INFO] 2026-07-21 15:42:52,923: load_parameters starting ...
[roslaunch][INFO] 2026-07-21 15:42:52,980: ... load_parameters complete
[roslaunch][INFO] 2026-07-21 15:42:52,981: launch_nodes: launching local nodes ...
[roslaunch][INFO] 2026-07-21 15:42:52,983: ... preparing to launch node of type [ov_msckf/ros1_serial_msckf]
[roslaunch][INFO] 2026-07-21 15:42:52,984: create_node_process: package[ov_msckf] type[ros1_serial_msckf] machine[Machine(name[] env_loader[None] address[localhost] ssh_port[22] user[None] assignable[True] timeout[10.0])] master_uri[http://localhost:11311]
[roslaunch][INFO] 2026-07-21 15:42:52,985: process[ov_msckf-2]: env[{'HOSTNAME': '4b4ec278ea4c', 'ROS_PACKAGE_PATH': '/catkin_ws/src/open_vins/ov_core:/catkin_ws/src/open_vins/ov_data:/catkin_ws/src/open_vins/ov_eval:/catkin_ws/src/open_vins/ov_init:/catkin_ws/src/open_vins/ov_msckf:/opt/ros/noetic/share', 'LD_LIBRARY_PATH': '/catkin_ws/devel/lib:/opt/ros/noetic/lib', 'ROS_ETC_DIR': '/opt/ros/noetic/etc/ros', 'HOME': '/tmp', 'ROS_PYTHON_VERSION': '3', 'ROS_LOG_DIR': '/results/MH_03_medium/ros_logs', 'ROS_DISTRO': 'noetic', 'PKG_CONFIG_PATH': '/catkin_ws/devel/lib/pkgconfig:/opt/ros/noetic/lib/pkgconfig', 'ROS_VERSION': '1', 'PATH': '/opt/ros/noetic/bin:/usr/local/sbin:/usr/local/bin:/usr/sbin:/usr/bin:/sbin:/bin', 'LANG': 'C.UTF-8', 'ROS_ROOT': '/opt/ros/noetic/share/ros', 'ROSLISP_PACKAGE_DIRECTORIES': '/catkin_ws/devel/share/common-lisp', 'ROS_MASTER_URI': 'http://localhost:11311', 'LC_ALL': 'C.UTF-8', 'PWD': '/catkin_ws', 'ROS_HOSTNAME': 'localhost', 'PYTHONPATH': '/opt/ros/noetic/lib/python3/dist-packages', 'CMAKE_PREFIX_PATH': '/catkin_ws/devel:/opt/ros/noetic', 'ROS_LOG_FILENAME': '/results/MH_03_medium/ros_logs/d57ec65c-851a-11f1-8dd3-82aec4732fef/roslaunch-4b4ec278ea4c-1.log'}]
[roslaunch][INFO] 2026-07-21 15:42:52,988: process[ov_msckf-2]: args[['/catkin_ws/devel/.private/ov_msckf/lib/ov_msckf/ros1_serial_msckf', '__name:=ov_msckf']]
[roslaunch][INFO] 2026-07-21 15:42:52,989: ... created process [ov_msckf-2]
[roslaunch.pmon][INFO] 2026-07-21 15:42:52,990: ProcessMonitor.register[ov_msckf-2]
[roslaunch.pmon][INFO] 2026-07-21 15:42:52,991: ProcessMonitor.register[ov_msckf-2] complete
[roslaunch][INFO] 2026-07-21 15:42:52,992: ... registered process [ov_msckf-2]
[roslaunch][INFO] 2026-07-21 15:42:52,993: process[ov_msckf-2]: starting os process
[roslaunch][INFO] 2026-07-21 15:42:52,994: process[ov_msckf-2]: start w/ args [['/catkin_ws/devel/.private/ov_msckf/lib/ov_msckf/ros1_serial_msckf', '__name:=ov_msckf', '__log:=/results/MH_03_medium/ros_logs/d57ec65c-851a-11f1-8dd3-82aec4732fef/ov_msckf-2.log']]
[roslaunch][INFO] 2026-07-21 15:42:52,995: process[ov_msckf-2]: cwd will be [/tmp/.ros]
[roslaunch][INFO] 2026-07-21 15:42:53,003: process[ov_msckf-2]: started with pid [169]
[roslaunch][INFO] 2026-07-21 15:42:53,005: ... successfully launched [ov_msckf-2]
[roslaunch][INFO] 2026-07-21 15:42:53,006: ... preparing to launch node of type [ov_eval/pose_to_file]
[roslaunch][INFO] 2026-07-21 15:42:53,007: create_node_process: package[ov_eval] type[pose_to_file] machine[Machine(name[] env_loader[None] address[localhost] ssh_port[22] user[None] assignable[True] timeout[10.0])] master_uri[http://localhost:11311]
[roslaunch][INFO] 2026-07-21 15:42:53,008: process[recorder_estimate-3]: env[{'HOSTNAME': '4b4ec278ea4c', 'ROS_PACKAGE_PATH': '/catkin_ws/src/open_vins/ov_core:/catkin_ws/src/open_vins/ov_data:/catkin_ws/src/open_vins/ov_eval:/catkin_ws/src/open_vins/ov_init:/catkin_ws/src/open_vins/ov_msckf:/opt/ros/noetic/share', 'LD_LIBRARY_PATH': '/catkin_ws/devel/lib:/opt/ros/noetic/lib', 'ROS_ETC_DIR': '/opt/ros/noetic/etc/ros', 'HOME': '/tmp', 'ROS_PYTHON_VERSION': '3', 'ROS_LOG_DIR': '/results/MH_03_medium/ros_logs', 'ROS_DISTRO': 'noetic', 'PKG_CONFIG_PATH': '/catkin_ws/devel/lib/pkgconfig:/opt/ros/noetic/lib/pkgconfig', 'ROS_VERSION': '1', 'PATH': '/opt/ros/noetic/bin:/usr/local/sbin:/usr/local/bin:/usr/sbin:/usr/bin:/sbin:/bin', 'LANG': 'C.UTF-8', 'ROS_ROOT': '/opt/ros/noetic/share/ros', 'ROSLISP_PACKAGE_DIRECTORIES': '/catkin_ws/devel/share/common-lisp', 'ROS_MASTER_URI': 'http://localhost:11311', 'LC_ALL': 'C.UTF-8', 'PWD': '/catkin_ws', 'ROS_HOSTNAME': 'localhost', 'PYTHONPATH': '/opt/ros/noetic/lib/python3/dist-packages', 'CMAKE_PREFIX_PATH': '/catkin_ws/devel:/opt/ros/noetic', 'ROS_LOG_FILENAME': '/results/MH_03_medium/ros_logs/d57ec65c-851a-11f1-8dd3-82aec4732fef/roslaunch-4b4ec278ea4c-1.log'}]
[roslaunch][INFO] 2026-07-21 15:42:53,012: process[recorder_estimate-3]: args[['/catkin_ws/devel/.private/ov_eval/lib/ov_eval/pose_to_file', '__name:=recorder_estimate']]
[roslaunch][INFO] 2026-07-21 15:42:53,014: ... created process [recorder_estimate-3]
[roslaunch.pmon][INFO] 2026-07-21 15:42:53,014: ProcessMonitor.register[recorder_estimate-3]
[roslaunch.pmon][INFO] 2026-07-21 15:42:53,015: ProcessMonitor.register[recorder_estimate-3] complete
[roslaunch][INFO] 2026-07-21 15:42:53,016: ... registered process [recorder_estimate-3]
[roslaunch][INFO] 2026-07-21 15:42:53,017: process[recorder_estimate-3]: starting os process
[roslaunch][INFO] 2026-07-21 15:42:53,018: process[recorder_estimate-3]: start w/ args [['/catkin_ws/devel/.private/ov_eval/lib/ov_eval/pose_to_file', '__name:=recorder_estimate', '__log:=/results/MH_03_medium/ros_logs/d57ec65c-851a-11f1-8dd3-82aec4732fef/recorder_estimate-3.log']]
[roslaunch][INFO] 2026-07-21 15:42:53,019: process[recorder_estimate-3]: cwd will be [/tmp/.ros]
[roslaunch][INFO] 2026-07-21 15:42:53,024: process[recorder_estimate-3]: started with pid [170]
[roslaunch][INFO] 2026-07-21 15:42:53,026: ... successfully launched [recorder_estimate-3]
[roslaunch][INFO] 2026-07-21 15:42:53,027: ... launch_nodes complete
[roslaunch.pmon][INFO] 2026-07-21 15:42:53,028: registrations completed <ProcessMonitor(ProcessMonitor-1, started daemon 138205497378560)>
[roslaunch.parent][INFO] 2026-07-21 15:42:53,029: ... roslaunch parent running, waiting for process exit
[roslaunch][INFO] 2026-07-21 15:42:53,030: spin
[roslaunch][ERROR] 2026-07-21 15:47:02,873: ================================================================================REQUIRED process [ov_msckf-2] has died!
process has died [pid 169, exit code -6, cmd /catkin_ws/devel/.private/ov_msckf/lib/ov_msckf/ros1_serial_msckf __name:=ov_msckf __log:=/results/MH_03_medium/ros_logs/d57ec65c-851a-11f1-8dd3-82aec4732fef/ov_msckf-2.log].
log file: /results/MH_03_medium/ros_logs/d57ec65c-851a-11f1-8dd3-82aec4732fef/ov_msckf-2*.log
Initiating shutdown!
================================================================================
[roslaunch.pmon][INFO] 2026-07-21 15:47:02,974: ProcessMonitor._post_run <ProcessMonitor(ProcessMonitor-1, started daemon 138205497378560)>
[roslaunch.pmon][INFO] 2026-07-21 15:47:02,990: ProcessMonitor._post_run <ProcessMonitor(ProcessMonitor-1, started daemon 138205497378560)>: remaining procs are [<roslaunch.nodeprocess.LocalProcess object at 0x7db312950ac0>, <roslaunch.nodeprocess.LocalProcess object at 0x7db312950ee0>, <roslaunch.nodeprocess.LocalProcess object at 0x7db31291af10>, <roslaunch.nodeprocess.LocalProcess object at 0x7db312950940>]
[roslaunch.pmon][INFO] 2026-07-21 15:47:02,991: ProcessMonitor exit: killing recorder_estimate-3
[roslaunch.pmon][INFO] 2026-07-21 15:47:02,992: ProcessMonitor exit: killing ov_msckf-2
[roslaunch][INFO] 2026-07-21 15:47:02,993: [recorder_estimate-3] killing on exit
[roslaunch][INFO] 2026-07-21 15:47:02,995: [ov_msckf-2] killing on exit
[roslaunch][INFO] 2026-07-21 15:47:02,996: process[recorder_estimate-3]: killing os process with pid[170] pgid[170]
[roslaunch][INFO] 2026-07-21 15:47:02,999: [recorder_estimate-3] sending SIGINT to pgid [170]
[roslaunch][INFO] 2026-07-21 15:47:03,000: [recorder_estimate-3] sent SIGINT to pgid [170]
[roslaunch][INFO] 2026-07-21 15:47:03,201: process[recorder_estimate-3]: SIGINT killed with return value 0
[roslaunch.pmon][INFO] 2026-07-21 15:47:03,203: ProcessMonitor exit: killing rosout-1
[roslaunch][INFO] 2026-07-21 15:47:03,205: [rosout-1] killing on exit
[roslaunch][INFO] 2026-07-21 15:47:03,206: process[rosout-1]: killing os process with pid[161] pgid[161]
[roslaunch][INFO] 2026-07-21 15:47:03,208: [rosout-1] sending SIGINT to pgid [161]
[roslaunch][INFO] 2026-07-21 15:47:03,209: [rosout-1] sent SIGINT to pgid [161]
[roslaunch][INFO] 2026-07-21 15:47:03,511: process[rosout-1]: SIGINT killed with return value 0
[roslaunch.pmon][INFO] 2026-07-21 15:47:03,513: ProcessMonitor exit: killing master
[roslaunch][INFO] 2026-07-21 15:47:03,514: [master] killing on exit
[roslaunch][INFO] 2026-07-21 15:47:03,514: process[master]: killing os process with pid[88] pgid[88]
[roslaunch][INFO] 2026-07-21 15:47:03,515: [master] sending SIGINT to pgid [88]
[roslaunch][INFO] 2026-07-21 15:47:03,516: [master] sent SIGINT to pgid [88]
[roslaunch][INFO] 2026-07-21 15:47:03,718: process[master]: SIGINT killed with return value 0
[roslaunch.pmon][INFO] 2026-07-21 15:47:03,719: ProcessMonitor exit: cleaning up data structures and signals
[roslaunch.pmon][INFO] 2026-07-21 15:47:03,720: ProcessMonitor exit: pmon has shutdown
[roslaunch][INFO] 2026-07-21 15:47:03,752: process monitor is done spinning, initiating full shutdown
[roslaunch][INFO] 2026-07-21 15:47:03,753: runner.stop()
[roslaunch][INFO] 2026-07-21 15:47:03,754: shutting down processing monitor...
[roslaunch][INFO] 2026-07-21 15:47:03,755: shutting down processing monitor <ProcessMonitor(ProcessMonitor-1, stopped daemon 138205497378560)>
[roslaunch.pmon][INFO] 2026-07-21 15:47:03,757: ProcessMonitor.shutdown <ProcessMonitor(ProcessMonitor-1, stopped daemon 138205497378560)>
[roslaunch][INFO] 2026-07-21 15:47:03,758: ... shutting down processing monitor complete
[roslaunch][INFO] 2026-07-21 15:47:03,759: done
[roslaunch.pmon][INFO] 2026-07-21 15:47:03,760: ProcessMonitor.shutdown <ProcessMonitor(ProcessMonitor-1, stopped daemon 138205497378560)>
[rospy.core][INFO] 2026-07-21 15:47:03,761: signal_shutdown [atexit]
