[rosmaster.main][INFO] 2026-07-21 15:34:32,311: initialization complete, waiting for shutdown
[rosmaster.main][INFO] 2026-07-21 15:34:32,311: Starting ROS Master Node
[xmlrpc][INFO] 2026-07-21 15:34:32,313: XML-RPC server binding to 127.0.0.1:11311
[xmlrpc][INFO] 2026-07-21 15:34:32,314: Started XML-RPC server [http://localhost:11311/]
[rosmaster.master][INFO] 2026-07-21 15:34:32,315: Master initialized: port[11311], uri[http://localhost:11311/]
[xmlrpc][INFO] 2026-07-21 15:34:32,315: xml rpc node: starting XML-RPC server
[rosmaster.master][INFO] 2026-07-21 15:34:32,407: +PARAM [/run_id] by /roslaunch
[rosmaster.master][INFO] 2026-07-21 15:34:32,409: +PARAM [/roslaunch/uris/host_localhost__45269] by /roslaunch
[rosmaster.master][INFO] 2026-07-21 15:34:32,498: +SERVICE [/rosout/get_loggers] /rosout http://localhost:37683/
[rosmaster.master][INFO] 2026-07-21 15:34:32,499: +PARAM [/rosversion] by /roslaunch
[rosmaster.master][INFO] 2026-07-21 15:34:32,499: +SERVICE [/rosout/set_logger_level] /rosout http://localhost:37683/
[rosmaster.master][INFO] 2026-07-21 15:34:32,500: +PARAM [/rosdistro] by /roslaunch
[rosmaster.master][INFO] 2026-07-21 15:34:32,504: +PARAM [/ov_msckf/path_bag] by /roslaunch
[rosmaster.master][INFO] 2026-07-21 15:34:32,505: +PARAM [/ov_msckf/bag_start] by /roslaunch
[rosmaster.master][INFO] 2026-07-21 15:34:32,505: +PUB [/rosout_agg] /rosout http://localhost:37683/
[rosmaster.master][INFO] 2026-07-21 15:34:32,506: +PARAM [/ov_msckf/bag_durr] by /roslaunch
[rosmaster.master][INFO] 2026-07-21 15:34:32,508: +PARAM [/ov_msckf/verbosity] by /roslaunch
[rosmaster.master][INFO] 2026-07-21 15:34:32,508: +SUB [/rosout] /rosout http://localhost:37683/
[rosmaster.master][INFO] 2026-07-21 15:34:32,509: +PARAM [/ov_msckf/config_path] by /roslaunch
[rosmaster.master][INFO] 2026-07-21 15:34:32,511: +PARAM [/ov_msckf/use_stereo] by /roslaunch
[rosmaster.master][INFO] 2026-07-21 15:34:32,511: +PARAM [/ov_msckf/max_cameras] by /roslaunch
[rosmaster.master][INFO] 2026-07-21 15:34:32,512: +PARAM [/ov_msckf/record_timing_information] by /roslaunch
[rosmaster.master][INFO] 2026-07-21 15:34:32,513: +PARAM [/ov_msckf/record_timing_filepath] by /roslaunch
[rosmaster.master][INFO] 2026-07-21 15:34:32,514: +PARAM [/recorder_estimate/topic] by /roslaunch
[rosmaster.master][INFO] 2026-07-21 15:34:32,515: +PARAM [/recorder_estimate/topic_type] by /roslaunch
[rosmaster.master][INFO] 2026-07-21 15:34:32,516: +PARAM [/recorder_estimate/output] by /roslaunch
[rosmaster.master][INFO] 2026-07-21 15:34:32,588: +PUB [/rosout] /recorder_estimate http://localhost:42821/
[rosmaster.master][INFO] 2026-07-21 15:34:32,589: +SERVICE [/recorder_estimate/get_loggers] /recorder_estimate http://localhost:42821/
[rosmaster.master][INFO] 2026-07-21 15:34:32,590: +SERVICE [/recorder_estimate/set_logger_level] /recorder_estimate http://localhost:42821/
[rosmaster.master][INFO] 2026-07-21 15:34:32,597: +SUB [/ov_msckf/poseimu] /recorder_estimate http://localhost:42821/
[rosmaster.master][INFO] 2026-07-21 15:34:32,613: publisherUpdate[/rosout] -> http://localhost:37683/ ['http://localhost:42821/']
[rosmaster.master][INFO] 2026-07-21 15:34:32,617: publisherUpdate[/rosout] -> http://localhost:37683/ ['http://localhost:42821/']: sec=0.00, result=[1, '', 0]
[rosmaster.master][INFO] 2026-07-21 15:34:32,626: +PUB [/rosout] /ov_msckf http://localhost:35745/
[rosmaster.master][INFO] 2026-07-21 15:34:32,628: +SERVICE [/ov_msckf/get_loggers] /ov_msckf http://localhost:35745/
[rosmaster.master][INFO] 2026-07-21 15:34:32,629: +SERVICE [/ov_msckf/set_logger_level] /ov_msckf http://localhost:35745/
[rosmaster.master][INFO] 2026-07-21 15:34:32,655: +PUB [/tf] /ov_msckf http://localhost:35745/
[rosmaster.master][INFO] 2026-07-21 15:34:32,686: +PUB [/ov_msckf/poseimu] /ov_msckf http://localhost:35745/
[rosmaster.master][INFO] 2026-07-21 15:34:32,688: +PUB [/ov_msckf/odomimu] /ov_msckf http://localhost:35745/
[rosmaster.master][INFO] 2026-07-21 15:34:32,690: +PUB [/ov_msckf/pathimu] /ov_msckf http://localhost:35745/
[rosmaster.master][INFO] 2026-07-21 15:34:32,691: +PUB [/ov_msckf/points_msckf] /ov_msckf http://localhost:35745/
[rosmaster.master][INFO] 2026-07-21 15:34:32,693: +PUB [/ov_msckf/points_slam] /ov_msckf http://localhost:35745/
[rosmaster.master][INFO] 2026-07-21 15:34:32,695: +PUB [/ov_msckf/points_aruco] /ov_msckf http://localhost:35745/
[rosmaster.master][INFO] 2026-07-21 15:34:32,696: +PUB [/ov_msckf/points_sim] /ov_msckf http://localhost:35745/
[rosmaster.master][INFO] 2026-07-21 15:34:32,699: +PUB [/ov_msckf/trackhist/compressedDepth] /ov_msckf http://localhost:35745/
[rosmaster.master][INFO] 2026-07-21 15:34:32,700: +SERVICE [/ov_msckf/trackhist/compressedDepth/set_parameters] /ov_msckf http://localhost:35745/
[rosmaster.master][INFO] 2026-07-21 15:34:32,701: +PUB [/ov_msckf/trackhist/compressedDepth/parameter_descriptions] /ov_msckf http://localhost:35745/
[rosmaster.master][INFO] 2026-07-21 15:34:32,702: +PUB [/ov_msckf/trackhist/compressedDepth/parameter_updates] /ov_msckf http://localhost:35745/
[rosmaster.master][INFO] 2026-07-21 15:34:32,704: +PARAM [/ov_msckf/trackhist/compressedDepth/format] by /ov_msckf
[rosmaster.master][INFO] 2026-07-21 15:34:32,705: +PARAM [/ov_msckf/trackhist/compressedDepth/depth_max] by /ov_msckf
[rosmaster.master][INFO] 2026-07-21 15:34:32,706: +PARAM [/ov_msckf/trackhist/compressedDepth/depth_quantization] by /ov_msckf
[rosmaster.master][INFO] 2026-07-21 15:34:32,707: +PARAM [/ov_msckf/trackhist/compressedDepth/png_level] by /ov_msckf
[rosmaster.master][INFO] 2026-07-21 15:34:32,708: +PARAM [/ov_msckf/trackhist/compressedDepth/format] by /ov_msckf
[rosmaster.master][INFO] 2026-07-21 15:34:32,710: +PARAM [/ov_msckf/trackhist/compressedDepth/depth_max] by /ov_msckf
[rosmaster.master][INFO] 2026-07-21 15:34:32,711: +PARAM [/ov_msckf/trackhist/compressedDepth/depth_quantization] by /ov_msckf
[rosmaster.master][INFO] 2026-07-21 15:34:32,712: +PARAM [/ov_msckf/trackhist/compressedDepth/png_level] by /ov_msckf
[rosmaster.master][INFO] 2026-07-21 15:34:32,713: publisherUpdate[/rosout] -> http://localhost:37683/ ['http://localhost:42821/', 'http://localhost:35745/']
[rosmaster.master][INFO] 2026-07-21 15:34:32,714: publisherUpdate[/ov_msckf/poseimu] -> http://localhost:42821/ ['http://localhost:35745/']
[rosmaster.master][INFO] 2026-07-21 15:34:32,715: +PUB [/ov_msckf/trackhist/compressed] /ov_msckf http://localhost:35745/
[rosmaster.master][INFO] 2026-07-21 15:34:32,716: publisherUpdate[/rosout] -> http://localhost:37683/ ['http://localhost:42821/', 'http://localhost:35745/']: sec=0.00, result=[1, '', 0]
[rosmaster.master][INFO] 2026-07-21 15:34:32,718: publisherUpdate[/ov_msckf/poseimu] -> http://localhost:42821/ ['http://localhost:35745/']: sec=0.00, result=[1, '', 0]
[rosmaster.master][INFO] 2026-07-21 15:34:32,718: +SERVICE [/ov_msckf/trackhist/compressed/set_parameters] /ov_msckf http://localhost:35745/
[rosmaster.master][INFO] 2026-07-21 15:34:32,722: +PUB [/ov_msckf/trackhist/compressed/parameter_descriptions] /ov_msckf http://localhost:35745/
[rosmaster.master][INFO] 2026-07-21 15:34:32,723: +PUB [/ov_msckf/trackhist/compressed/parameter_updates] /ov_msckf http://localhost:35745/
[rosmaster.master][INFO] 2026-07-21 15:34:32,726: +PARAM [/ov_msckf/trackhist/compressed/format] by /ov_msckf
[rosmaster.master][INFO] 2026-07-21 15:34:32,727: +PARAM [/ov_msckf/trackhist/compressed/jpeg_quality] by /ov_msckf
[rosmaster.master][INFO] 2026-07-21 15:34:32,729: +PARAM [/ov_msckf/trackhist/compressed/jpeg_progressive] by /ov_msckf
[rosmaster.master][INFO] 2026-07-21 15:34:32,730: +PARAM [/ov_msckf/trackhist/compressed/jpeg_optimize] by /ov_msckf
[rosmaster.master][INFO] 2026-07-21 15:34:32,732: +PARAM [/ov_msckf/trackhist/compressed/jpeg_restart_interval] by /ov_msckf
[rosmaster.master][INFO] 2026-07-21 15:34:32,733: +PARAM [/ov_msckf/trackhist/compressed/png_level] by /ov_msckf
[rosmaster.master][INFO] 2026-07-21 15:34:32,735: +PARAM [/ov_msckf/trackhist/compressed/format] by /ov_msckf
[rosmaster.master][INFO] 2026-07-21 15:34:32,736: +PARAM [/ov_msckf/trackhist/compressed/jpeg_quality] by /ov_msckf
[rosmaster.master][INFO] 2026-07-21 15:34:32,738: +PARAM [/ov_msckf/trackhist/compressed/jpeg_progressive] by /ov_msckf
[rosmaster.master][INFO] 2026-07-21 15:34:32,739: +PARAM [/ov_msckf/trackhist/compressed/jpeg_optimize] by /ov_msckf
[rosmaster.master][INFO] 2026-07-21 15:34:32,741: +PARAM [/ov_msckf/trackhist/compressed/jpeg_restart_interval] by /ov_msckf
[rosmaster.master][INFO] 2026-07-21 15:34:32,742: +PARAM [/ov_msckf/trackhist/compressed/png_level] by /ov_msckf
[rosmaster.master][INFO] 2026-07-21 15:34:32,744: +PUB [/ov_msckf/trackhist] /ov_msckf http://localhost:35745/
[rosmaster.master][INFO] 2026-07-21 15:34:32,749: +PUB [/ov_msckf/trackhist/theora] /ov_msckf http://localhost:35745/
[rosmaster.master][INFO] 2026-07-21 15:34:32,750: +SERVICE [/ov_msckf/trackhist/theora/set_parameters] /ov_msckf http://localhost:35745/
[rosmaster.master][INFO] 2026-07-21 15:34:32,751: +PUB [/ov_msckf/trackhist/theora/parameter_descriptions] /ov_msckf http://localhost:35745/
[rosmaster.master][INFO] 2026-07-21 15:34:32,753: +PUB [/ov_msckf/trackhist/theora/parameter_updates] /ov_msckf http://localhost:35745/
[rosmaster.master][INFO] 2026-07-21 15:34:32,755: +PARAM [/ov_msckf/trackhist/theora/optimize_for] by /ov_msckf
[rosmaster.master][INFO] 2026-07-21 15:34:32,756: +PARAM [/ov_msckf/trackhist/theora/target_bitrate] by /ov_msckf
[rosmaster.master][INFO] 2026-07-21 15:34:32,757: +PARAM [/ov_msckf/trackhist/theora/quality] by /ov_msckf
[rosmaster.master][INFO] 2026-07-21 15:34:32,759: +PARAM [/ov_msckf/trackhist/theora/keyframe_frequency] by /ov_msckf
[rosmaster.master][INFO] 2026-07-21 15:34:32,760: +PARAM [/ov_msckf/trackhist/theora/optimize_for] by /ov_msckf
[rosmaster.master][INFO] 2026-07-21 15:34:32,761: +PARAM [/ov_msckf/trackhist/theora/target_bitrate] by /ov_msckf
[rosmaster.master][INFO] 2026-07-21 15:34:32,762: +PARAM [/ov_msckf/trackhist/theora/quality] by /ov_msckf
[rosmaster.master][INFO] 2026-07-21 15:34:32,764: +PARAM [/ov_msckf/trackhist/theora/keyframe_frequency] by /ov_msckf
[rosmaster.master][INFO] 2026-07-21 15:34:32,765: +PUB [/ov_msckf/posegt] /ov_msckf http://localhost:35745/
[rosmaster.master][INFO] 2026-07-21 15:34:32,766: +PUB [/ov_msckf/pathgt] /ov_msckf http://localhost:35745/
[rosmaster.master][INFO] 2026-07-21 15:34:32,768: +PUB [/ov_msckf/loop_pose] /ov_msckf http://localhost:35745/
[rosmaster.master][INFO] 2026-07-21 15:34:32,769: +PUB [/ov_msckf/loop_feats] /ov_msckf http://localhost:35745/
[rosmaster.master][INFO] 2026-07-21 15:34:32,770: +PUB [/ov_msckf/loop_extrinsic] /ov_msckf http://localhost:35745/
[rosmaster.master][INFO] 2026-07-21 15:34:32,772: +PUB [/ov_msckf/loop_intrinsics] /ov_msckf http://localhost:35745/
[rosmaster.master][INFO] 2026-07-21 15:34:32,773: +PUB [/ov_msckf/loop_depth/compressedDepth] /ov_msckf http://localhost:35745/
[rosmaster.master][INFO] 2026-07-21 15:34:32,775: +SERVICE [/ov_msckf/loop_depth/compressedDepth/set_parameters] /ov_msckf http://localhost:35745/
[rosmaster.master][INFO] 2026-07-21 15:34:32,776: +PUB [/ov_msckf/loop_depth/compressedDepth/parameter_descriptions] /ov_msckf http://localhost:35745/
[rosmaster.master][INFO] 2026-07-21 15:34:32,778: +PUB [/ov_msckf/loop_depth/compressedDepth/parameter_updates] /ov_msckf http://localhost:35745/
[rosmaster.master][INFO] 2026-07-21 15:34:32,780: +PARAM [/ov_msckf/loop_depth/compressedDepth/format] by /ov_msckf
[rosmaster.master][INFO] 2026-07-21 15:34:32,781: +PARAM [/ov_msckf/loop_depth/compressedDepth/depth_max] by /ov_msckf
[rosmaster.master][INFO] 2026-07-21 15:34:32,783: +PARAM [/ov_msckf/loop_depth/compressedDepth/depth_quantization] by /ov_msckf
[rosmaster.master][INFO] 2026-07-21 15:34:32,784: +PARAM [/ov_msckf/loop_depth/compressedDepth/png_level] by /ov_msckf
[rosmaster.master][INFO] 2026-07-21 15:34:32,786: +PARAM [/ov_msckf/loop_depth/compressedDepth/format] by /ov_msckf
[rosmaster.master][INFO] 2026-07-21 15:34:32,788: +PARAM [/ov_msckf/loop_depth/compressedDepth/depth_max] by /ov_msckf
[rosmaster.master][INFO] 2026-07-21 15:34:32,789: +PARAM [/ov_msckf/loop_depth/compressedDepth/depth_quantization] by /ov_msckf
[rosmaster.master][INFO] 2026-07-21 15:34:32,791: +PARAM [/ov_msckf/loop_depth/compressedDepth/png_level] by /ov_msckf
[rosmaster.master][INFO] 2026-07-21 15:34:32,793: +PUB [/ov_msckf/loop_depth/compressed] /ov_msckf http://localhost:35745/
[rosmaster.master][INFO] 2026-07-21 15:34:32,794: +SERVICE [/ov_msckf/loop_depth/compressed/set_parameters] /ov_msckf http://localhost:35745/
[rosmaster.master][INFO] 2026-07-21 15:34:32,795: +PUB [/ov_msckf/loop_depth/compressed/parameter_descriptions] /ov_msckf http://localhost:35745/
[rosmaster.master][INFO] 2026-07-21 15:34:32,797: +PUB [/ov_msckf/loop_depth/compressed/parameter_updates] /ov_msckf http://localhost:35745/
[rosmaster.master][INFO] 2026-07-21 15:34:32,800: +PARAM [/ov_msckf/loop_depth/compressed/format] by /ov_msckf
[rosmaster.master][INFO] 2026-07-21 15:34:32,801: +PARAM [/ov_msckf/loop_depth/compressed/jpeg_quality] by /ov_msckf
[rosmaster.master][INFO] 2026-07-21 15:34:32,802: +PARAM [/ov_msckf/loop_depth/compressed/jpeg_progressive] by /ov_msckf
[rosmaster.master][INFO] 2026-07-21 15:34:32,803: +PARAM [/ov_msckf/loop_depth/compressed/jpeg_optimize] by /ov_msckf
[rosmaster.master][INFO] 2026-07-21 15:34:32,805: +PARAM [/ov_msckf/loop_depth/compressed/jpeg_restart_interval] by /ov_msckf
[rosmaster.master][INFO] 2026-07-21 15:34:32,806: +PARAM [/ov_msckf/loop_depth/compressed/png_level] by /ov_msckf
[rosmaster.master][INFO] 2026-07-21 15:34:32,807: +PARAM [/ov_msckf/loop_depth/compressed/format] by /ov_msckf
[rosmaster.master][INFO] 2026-07-21 15:34:32,809: +PARAM [/ov_msckf/loop_depth/compressed/jpeg_quality] by /ov_msckf
[rosmaster.master][INFO] 2026-07-21 15:34:32,810: +PARAM [/ov_msckf/loop_depth/compressed/jpeg_progressive] by /ov_msckf
[rosmaster.master][INFO] 2026-07-21 15:34:32,812: +PARAM [/ov_msckf/loop_depth/compressed/jpeg_optimize] by /ov_msckf
[rosmaster.master][INFO] 2026-07-21 15:34:32,813: +PARAM [/ov_msckf/loop_depth/compressed/jpeg_restart_interval] by /ov_msckf
[rosmaster.master][INFO] 2026-07-21 15:34:32,815: +PARAM [/ov_msckf/loop_depth/compressed/png_level] by /ov_msckf
[rosmaster.master][INFO] 2026-07-21 15:34:32,816: +PUB [/ov_msckf/loop_depth] /ov_msckf http://localhost:35745/
[rosmaster.master][INFO] 2026-07-21 15:34:32,818: +PUB [/ov_msckf/loop_depth/theora] /ov_msckf http://localhost:35745/
[rosmaster.master][INFO] 2026-07-21 15:34:32,819: +SERVICE [/ov_msckf/loop_depth/theora/set_parameters] /ov_msckf http://localhost:35745/
[rosmaster.master][INFO] 2026-07-21 15:34:32,821: +PUB [/ov_msckf/loop_depth/theora/parameter_descriptions] /ov_msckf http://localhost:35745/
[rosmaster.master][INFO] 2026-07-21 15:34:32,822: +PUB [/ov_msckf/loop_depth/theora/parameter_updates] /ov_msckf http://localhost:35745/
[rosmaster.master][INFO] 2026-07-21 15:34:32,825: +PARAM [/ov_msckf/loop_depth/theora/optimize_for] by /ov_msckf
[rosmaster.master][INFO] 2026-07-21 15:34:32,826: +PARAM [/ov_msckf/loop_depth/theora/target_bitrate] by /ov_msckf
[rosmaster.master][INFO] 2026-07-21 15:34:32,828: +PARAM [/ov_msckf/loop_depth/theora/quality] by /ov_msckf
[rosmaster.master][INFO] 2026-07-21 15:34:32,829: +PARAM [/ov_msckf/loop_depth/theora/keyframe_frequency] by /ov_msckf
[rosmaster.master][INFO] 2026-07-21 15:34:32,831: +PARAM [/ov_msckf/loop_depth/theora/optimize_for] by /ov_msckf
[rosmaster.master][INFO] 2026-07-21 15:34:32,833: +PARAM [/ov_msckf/loop_depth/theora/target_bitrate] by /ov_msckf
[rosmaster.master][INFO] 2026-07-21 15:34:32,834: +PARAM [/ov_msckf/loop_depth/theora/quality] by /ov_msckf
[rosmaster.master][INFO] 2026-07-21 15:34:32,836: +PARAM [/ov_msckf/loop_depth/theora/keyframe_frequency] by /ov_msckf
[rosmaster.master][INFO] 2026-07-21 15:34:32,837: +PUB [/ov_msckf/loop_depth_colored/compressedDepth] /ov_msckf http://localhost:35745/
[rosmaster.master][INFO] 2026-07-21 15:34:32,839: +SERVICE [/ov_msckf/loop_depth_colored/compressedDepth/set_parameters] /ov_msckf http://localhost:35745/
[rosmaster.master][INFO] 2026-07-21 15:34:32,841: +PUB [/ov_msckf/loop_depth_colored/compressedDepth/parameter_descriptions] /ov_msckf http://localhost:35745/
[rosmaster.master][INFO] 2026-07-21 15:34:32,842: +PUB [/ov_msckf/loop_depth_colored/compressedDepth/parameter_updates] /ov_msckf http://localhost:35745/
[rosmaster.master][INFO] 2026-07-21 15:34:32,845: +PARAM [/ov_msckf/loop_depth_colored/compressedDepth/format] by /ov_msckf
[rosmaster.master][INFO] 2026-07-21 15:34:32,847: +PARAM [/ov_msckf/loop_depth_colored/compressedDepth/depth_max] by /ov_msckf
[rosmaster.master][INFO] 2026-07-21 15:34:32,848: +PARAM [/ov_msckf/loop_depth_colored/compressedDepth/depth_quantization] by /ov_msckf
[rosmaster.master][INFO] 2026-07-21 15:34:32,849: +PARAM [/ov_msckf/loop_depth_colored/compressedDepth/png_level] by /ov_msckf
[rosmaster.master][INFO] 2026-07-21 15:34:32,850: +PARAM [/ov_msckf/loop_depth_colored/compressedDepth/format] by /ov_msckf
[rosmaster.master][INFO] 2026-07-21 15:34:32,851: +PARAM [/ov_msckf/loop_depth_colored/compressedDepth/depth_max] by /ov_msckf
[rosmaster.master][INFO] 2026-07-21 15:34:32,853: +PARAM [/ov_msckf/loop_depth_colored/compressedDepth/depth_quantization] by /ov_msckf
[rosmaster.master][INFO] 2026-07-21 15:34:32,854: +PARAM [/ov_msckf/loop_depth_colored/compressedDepth/png_level] by /ov_msckf
[rosmaster.master][INFO] 2026-07-21 15:34:32,855: +PUB [/ov_msckf/loop_depth_colored/compressed] /ov_msckf http://localhost:35745/
[rosmaster.master][INFO] 2026-07-21 15:34:32,857: +SERVICE [/ov_msckf/loop_depth_colored/compressed/set_parameters] /ov_msckf http://localhost:35745/
[rosmaster.master][INFO] 2026-07-21 15:34:32,858: +PUB [/ov_msckf/loop_depth_colored/compressed/parameter_descriptions] /ov_msckf http://localhost:35745/
[rosmaster.master][INFO] 2026-07-21 15:34:32,860: +PUB [/ov_msckf/loop_depth_colored/compressed/parameter_updates] /ov_msckf http://localhost:35745/
[rosmaster.master][INFO] 2026-07-21 15:34:32,863: +PARAM [/ov_msckf/loop_depth_colored/compressed/format] by /ov_msckf
[rosmaster.master][INFO] 2026-07-21 15:34:32,865: +PARAM [/ov_msckf/loop_depth_colored/compressed/jpeg_quality] by /ov_msckf
[rosmaster.master][INFO] 2026-07-21 15:34:32,866: +PARAM [/ov_msckf/loop_depth_colored/compressed/jpeg_progressive] by /ov_msckf
[rosmaster.master][INFO] 2026-07-21 15:34:32,868: +PARAM [/ov_msckf/loop_depth_colored/compressed/jpeg_optimize] by /ov_msckf
[rosmaster.master][INFO] 2026-07-21 15:34:32,869: +PARAM [/ov_msckf/loop_depth_colored/compressed/jpeg_restart_interval] by /ov_msckf
[rosmaster.master][INFO] 2026-07-21 15:34:32,871: +PARAM [/ov_msckf/loop_depth_colored/compressed/png_level] by /ov_msckf
[rosmaster.master][INFO] 2026-07-21 15:34:32,872: +PARAM [/ov_msckf/loop_depth_colored/compressed/format] by /ov_msckf
[rosmaster.master][INFO] 2026-07-21 15:34:32,874: +PARAM [/ov_msckf/loop_depth_colored/compressed/jpeg_quality] by /ov_msckf
[rosmaster.master][INFO] 2026-07-21 15:34:32,875: +PARAM [/ov_msckf/loop_depth_colored/compressed/jpeg_progressive] by /ov_msckf
[rosmaster.master][INFO] 2026-07-21 15:34:32,877: +PARAM [/ov_msckf/loop_depth_colored/compressed/jpeg_optimize] by /ov_msckf
[rosmaster.master][INFO] 2026-07-21 15:34:32,878: +PARAM [/ov_msckf/loop_depth_colored/compressed/jpeg_restart_interval] by /ov_msckf
[rosmaster.master][INFO] 2026-07-21 15:34:32,880: +PARAM [/ov_msckf/loop_depth_colored/compressed/png_level] by /ov_msckf
[rosmaster.master][INFO] 2026-07-21 15:34:32,882: +PUB [/ov_msckf/loop_depth_colored] /ov_msckf http://localhost:35745/
[rosmaster.master][INFO] 2026-07-21 15:34:32,883: +PUB [/ov_msckf/loop_depth_colored/theora] /ov_msckf http://localhost:35745/
[rosmaster.master][INFO] 2026-07-21 15:34:32,885: +SERVICE [/ov_msckf/loop_depth_colored/theora/set_parameters] /ov_msckf http://localhost:35745/
[rosmaster.master][INFO] 2026-07-21 15:34:32,887: +PUB [/ov_msckf/loop_depth_colored/theora/parameter_descriptions] /ov_msckf http://localhost:35745/
[rosmaster.master][INFO] 2026-07-21 15:34:32,888: +PUB [/ov_msckf/loop_depth_colored/theora/parameter_updates] /ov_msckf http://localhost:35745/
[rosmaster.master][INFO] 2026-07-21 15:34:32,891: +PARAM [/ov_msckf/loop_depth_colored/theora/optimize_for] by /ov_msckf
[rosmaster.master][INFO] 2026-07-21 15:34:32,893: +PARAM [/ov_msckf/loop_depth_colored/theora/target_bitrate] by /ov_msckf
[rosmaster.master][INFO] 2026-07-21 15:34:32,894: +PARAM [/ov_msckf/loop_depth_colored/theora/quality] by /ov_msckf
[rosmaster.master][INFO] 2026-07-21 15:34:32,896: +PARAM [/ov_msckf/loop_depth_colored/theora/keyframe_frequency] by /ov_msckf
[rosmaster.master][INFO] 2026-07-21 15:34:32,897: +PARAM [/ov_msckf/loop_depth_colored/theora/optimize_for] by /ov_msckf
[rosmaster.master][INFO] 2026-07-21 15:34:32,898: +PARAM [/ov_msckf/loop_depth_colored/theora/target_bitrate] by /ov_msckf
[rosmaster.master][INFO] 2026-07-21 15:34:32,899: +PARAM [/ov_msckf/loop_depth_colored/theora/quality] by /ov_msckf
[rosmaster.master][INFO] 2026-07-21 15:34:32,900: +PARAM [/ov_msckf/loop_depth_colored/theora/keyframe_frequency] by /ov_msckf
[rosmaster.master][INFO] 2026-07-21 15:38:35,477: -PUB [/rosout] /ov_msckf http://localhost:35745/
[rosmaster.master][INFO] 2026-07-21 15:38:35,478: -PUB [/tf] /ov_msckf http://localhost:35745/
[rosmaster.master][INFO] 2026-07-21 15:38:35,489: -PUB [/ov_msckf/poseimu] /ov_msckf http://localhost:35745/
[rosmaster.master][INFO] 2026-07-21 15:38:35,491: -PUB [/ov_msckf/odomimu] /ov_msckf http://localhost:35745/
[rosmaster.master][INFO] 2026-07-21 15:38:35,492: -PUB [/ov_msckf/pathimu] /ov_msckf http://localhost:35745/
[rosmaster.master][INFO] 2026-07-21 15:38:35,494: -PUB [/ov_msckf/points_msckf] /ov_msckf http://localhost:35745/
[rosmaster.master][INFO] 2026-07-21 15:38:35,495: -PUB [/ov_msckf/points_slam] /ov_msckf http://localhost:35745/
[rosmaster.master][INFO] 2026-07-21 15:38:35,497: -PUB [/ov_msckf/points_aruco] /ov_msckf http://localhost:35745/
[rosmaster.master][INFO] 2026-07-21 15:38:35,498: -PUB [/ov_msckf/points_sim] /ov_msckf http://localhost:35745/
[rosmaster.master][INFO] 2026-07-21 15:38:35,499: -PUB [/ov_msckf/trackhist/compressedDepth] /ov_msckf http://localhost:35745/
[rosmaster.master][INFO] 2026-07-21 15:38:35,501: -PUB [/ov_msckf/trackhist/compressedDepth/parameter_descriptions] /ov_msckf http://localhost:35745/
[rosmaster.master][INFO] 2026-07-21 15:38:35,502: -PUB [/ov_msckf/trackhist/compressedDepth/parameter_updates] /ov_msckf http://localhost:35745/
[rosmaster.master][INFO] 2026-07-21 15:38:35,504: -PUB [/ov_msckf/trackhist/compressed] /ov_msckf http://localhost:35745/
[rosmaster.master][INFO] 2026-07-21 15:38:35,505: -PUB [/ov_msckf/trackhist/compressed/parameter_descriptions] /ov_msckf http://localhost:35745/
[rosmaster.master][INFO] 2026-07-21 15:38:35,507: -PUB [/ov_msckf/trackhist/compressed/parameter_updates] /ov_msckf http://localhost:35745/
[rosmaster.master][INFO] 2026-07-21 15:38:35,508: -PUB [/ov_msckf/trackhist] /ov_msckf http://localhost:35745/
[rosmaster.master][INFO] 2026-07-21 15:38:35,510: -PUB [/ov_msckf/trackhist/theora] /ov_msckf http://localhost:35745/
[rosmaster.master][INFO] 2026-07-21 15:38:35,511: -PUB [/ov_msckf/trackhist/theora/parameter_descriptions] /ov_msckf http://localhost:35745/
[rosmaster.master][INFO] 2026-07-21 15:38:35,513: -PUB [/ov_msckf/trackhist/theora/parameter_updates] /ov_msckf http://localhost:35745/
[rosmaster.master][INFO] 2026-07-21 15:38:35,515: -PUB [/ov_msckf/posegt] /ov_msckf http://localhost:35745/
[rosmaster.master][INFO] 2026-07-21 15:38:35,516: -PUB [/ov_msckf/pathgt] /ov_msckf http://localhost:35745/
[rosmaster.master][INFO] 2026-07-21 15:38:35,517: publisherUpdate[/rosout] -> http://localhost:37683/ ['http://localhost:42821/']
[rosmaster.master][INFO] 2026-07-21 15:38:35,518: -PUB [/ov_msckf/loop_pose] /ov_msckf http://localhost:35745/
[rosmaster.master][INFO] 2026-07-21 15:38:35,521: publisherUpdate[/rosout] -> http://localhost:37683/ ['http://localhost:42821/']: sec=0.00, result=[1, '', 0]
[rosmaster.master][INFO] 2026-07-21 15:38:35,521: -PUB [/ov_msckf/loop_feats] /ov_msckf http://localhost:35745/
[rosmaster.master][INFO] 2026-07-21 15:38:35,522: publisherUpdate[/ov_msckf/poseimu] -> http://localhost:42821/ []
[rosmaster.master][INFO] 2026-07-21 15:38:35,524: -PUB [/ov_msckf/loop_extrinsic] /ov_msckf http://localhost:35745/
[rosmaster.master][INFO] 2026-07-21 15:38:35,526: publisherUpdate[/ov_msckf/poseimu] -> http://localhost:42821/ []: sec=0.00, result=[1, '', 0]
[rosmaster.master][INFO] 2026-07-21 15:38:35,527: -PUB [/ov_msckf/loop_intrinsics] /ov_msckf http://localhost:35745/
[rosmaster.master][INFO] 2026-07-21 15:38:35,530: -PUB [/ov_msckf/loop_depth/compressedDepth] /ov_msckf http://localhost:35745/
[rosmaster.master][INFO] 2026-07-21 15:38:35,531: -PUB [/ov_msckf/loop_depth/compressedDepth/parameter_descriptions] /ov_msckf http://localhost:35745/
[rosmaster.master][INFO] 2026-07-21 15:38:35,532: -PUB [/ov_msckf/loop_depth/compressedDepth/parameter_updates] /ov_msckf http://localhost:35745/
[rosmaster.master][INFO] 2026-07-21 15:38:35,533: -PUB [/ov_msckf/loop_depth/compressed] /ov_msckf http://localhost:35745/
[rosmaster.master][INFO] 2026-07-21 15:38:35,535: -PUB [/ov_msckf/loop_depth/compressed/parameter_descriptions] /ov_msckf http://localhost:35745/
[rosmaster.master][INFO] 2026-07-21 15:38:35,536: -PUB [/ov_msckf/loop_depth/compressed/parameter_updates] /ov_msckf http://localhost:35745/
[rosmaster.master][INFO] 2026-07-21 15:38:35,537: -PUB [/ov_msckf/loop_depth] /ov_msckf http://localhost:35745/
[rosmaster.master][INFO] 2026-07-21 15:38:35,538: -PUB [/ov_msckf/loop_depth/theora] /ov_msckf http://localhost:35745/
[rosmaster.master][INFO] 2026-07-21 15:38:35,540: -PUB [/ov_msckf/loop_depth/theora/parameter_descriptions] /ov_msckf http://localhost:35745/
[rosmaster.master][INFO] 2026-07-21 15:38:35,541: -PUB [/ov_msckf/loop_depth/theora/parameter_updates] /ov_msckf http://localhost:35745/
[rosmaster.master][INFO] 2026-07-21 15:38:35,543: -PUB [/ov_msckf/loop_depth_colored/compressedDepth] /ov_msckf http://localhost:35745/
[rosmaster.master][INFO] 2026-07-21 15:38:35,544: -PUB [/ov_msckf/loop_depth_colored/compressedDepth/parameter_descriptions] /ov_msckf http://localhost:35745/
[rosmaster.master][INFO] 2026-07-21 15:38:35,546: -PUB [/ov_msckf/loop_depth_colored/compressedDepth/parameter_updates] /ov_msckf http://localhost:35745/
[rosmaster.master][INFO] 2026-07-21 15:38:35,547: -PUB [/ov_msckf/loop_depth_colored/compressed] /ov_msckf http://localhost:35745/
[rosmaster.master][INFO] 2026-07-21 15:38:35,549: -PUB [/ov_msckf/loop_depth_colored/compressed/parameter_descriptions] /ov_msckf http://localhost:35745/
[rosmaster.master][INFO] 2026-07-21 15:38:35,550: -PUB [/ov_msckf/loop_depth_colored/compressed/parameter_updates] /ov_msckf http://localhost:35745/
[rosmaster.master][INFO] 2026-07-21 15:38:35,552: -PUB [/ov_msckf/loop_depth_colored] /ov_msckf http://localhost:35745/
[rosmaster.master][INFO] 2026-07-21 15:38:35,553: -PUB [/ov_msckf/loop_depth_colored/theora] /ov_msckf http://localhost:35745/
[rosmaster.master][INFO] 2026-07-21 15:38:35,555: -PUB [/ov_msckf/loop_depth_colored/theora/parameter_descriptions] /ov_msckf http://localhost:35745/
[rosmaster.master][INFO] 2026-07-21 15:38:35,556: -PUB [/ov_msckf/loop_depth_colored/theora/parameter_updates] /ov_msckf http://localhost:35745/
[rosmaster.master][INFO] 2026-07-21 15:38:35,558: -SERVICE [/ov_msckf/get_loggers] /ov_msckf rosrpc://localhost:38057
[rosmaster.master][INFO] 2026-07-21 15:38:35,560: -SERVICE [/ov_msckf/set_logger_level] /ov_msckf rosrpc://localhost:38057
[rosmaster.master][INFO] 2026-07-21 15:38:35,561: -SERVICE [/ov_msckf/trackhist/compressedDepth/set_parameters] /ov_msckf rosrpc://localhost:38057
[rosmaster.master][INFO] 2026-07-21 15:38:35,563: -SERVICE [/ov_msckf/trackhist/compressed/set_parameters] /ov_msckf rosrpc://localhost:38057
[rosmaster.master][INFO] 2026-07-21 15:38:35,564: -SERVICE [/ov_msckf/trackhist/theora/set_parameters] /ov_msckf rosrpc://localhost:38057
[rosmaster.master][INFO] 2026-07-21 15:38:35,566: -SERVICE [/ov_msckf/loop_depth/compressedDepth/set_parameters] /ov_msckf rosrpc://localhost:38057
[rosmaster.master][INFO] 2026-07-21 15:38:35,567: -SERVICE [/ov_msckf/loop_depth/compressed/set_parameters] /ov_msckf rosrpc://localhost:38057
[rosmaster.master][INFO] 2026-07-21 15:38:35,569: -SERVICE [/ov_msckf/loop_depth/theora/set_parameters] /ov_msckf rosrpc://localhost:38057
[rosmaster.master][INFO] 2026-07-21 15:38:35,571: -SERVICE [/ov_msckf/loop_depth_colored/compressedDepth/set_parameters] /ov_msckf rosrpc://localhost:38057
[rosmaster.master][INFO] 2026-07-21 15:38:35,573: -SERVICE [/ov_msckf/loop_depth_colored/compressed/set_parameters] /ov_msckf rosrpc://localhost:38057
[rosmaster.master][INFO] 2026-07-21 15:38:35,575: -SERVICE [/ov_msckf/loop_depth_colored/theora/set_parameters] /ov_msckf rosrpc://localhost:38057
[rosmaster.master][INFO] 2026-07-21 15:38:36,127: -PUB [/rosout] /recorder_estimate http://localhost:42821/
[rosmaster.master][INFO] 2026-07-21 15:38:36,129: -SUB [/ov_msckf/poseimu] /recorder_estimate http://localhost:42821/
[rosmaster.master][INFO] 2026-07-21 15:38:36,129: publisherUpdate[/rosout] -> http://localhost:37683/ []
[rosmaster.master][INFO] 2026-07-21 15:38:36,131: -SERVICE [/recorder_estimate/get_loggers] /recorder_estimate rosrpc://localhost:41601
[rosmaster.master][INFO] 2026-07-21 15:38:36,132: publisherUpdate[/rosout] -> http://localhost:37683/ []: sec=0.00, result=[1, '', 0]
[rosmaster.master][INFO] 2026-07-21 15:38:36,133: -SERVICE [/recorder_estimate/set_logger_level] /recorder_estimate rosrpc://localhost:41601
[rosmaster.master][INFO] 2026-07-21 15:38:36,333: -PUB [/rosout_agg] /rosout http://localhost:37683/
[rosmaster.master][INFO] 2026-07-21 15:38:36,335: -SUB [/rosout] /rosout http://localhost:37683/
[rosmaster.master][INFO] 2026-07-21 15:38:36,336: -SERVICE [/rosout/get_loggers] /rosout rosrpc://localhost:43573
[rosmaster.master][INFO] 2026-07-21 15:38:36,338: -SERVICE [/rosout/set_logger_level] /rosout rosrpc://localhost:43573
[rosmaster.main][INFO] 2026-07-21 15:38:36,430: keyboard interrupt, will exit
[rosmaster.main][INFO] 2026-07-21 15:38:36,431: stopping master...
[rospy.core][INFO] 2026-07-21 15:38:36,433: signal_shutdown [atexit]
