[roslaunch][INFO] 2026-07-21 16:09:30,726: Checking log directory for disk usage. This may take a while.
Press Ctrl-C to interrupt
[roslaunch][INFO] 2026-07-21 16:09:30,738: Done checking log file disk usage. Usage is <1GB.
[roslaunch][INFO] 2026-07-21 16:09:30,738: roslaunch starting with args ['/opt/ros/noetic/bin/roslaunch', 'ov_msckf', 'serial.launch', 'config:=euroc_mav', 'dataset:=V2_03_difficult', 'bag:=/datasets/vicon_2/V2_03_difficult/V2_03_difficult.bag', 'bag_start:=0', 'max_cameras:=2', 'use_stereo:=true', 'dosave:=true', 'path_est:=/results/V2_03_difficult/estimate.txt', 'dotime:=true', 'path_time:=/results/V2_03_difficult/timing.txt', 'dolivetraj:=false']
[roslaunch][INFO] 2026-07-21 16:09:30,739: roslaunch env is environ({'HOSTNAME': 'eaad71b71680', 'ROS_PACKAGE_PATH': '/catkin_ws/src/open_vins/ov_core:/catkin_ws/src/open_vins/ov_data:/catkin_ws/src/open_vins/ov_eval:/catkin_ws/src/open_vins/ov_init:/catkin_ws/src/open_vins/ov_msckf:/opt/ros/noetic/share', 'LD_LIBRARY_PATH': '/catkin_ws/devel/lib:/opt/ros/noetic/lib', 'ROS_ETC_DIR': '/opt/ros/noetic/etc/ros', 'HOME': '/tmp', 'ROS_PYTHON_VERSION': '3', 'ROS_LOG_DIR': '/results/V2_03_difficult/ros_logs', 'ROS_DISTRO': 'noetic', 'PKG_CONFIG_PATH': '/catkin_ws/devel/lib/pkgconfig:/opt/ros/noetic/lib/pkgconfig', 'ROS_VERSION': '1', 'PATH': '/opt/ros/noetic/bin:/usr/local/sbin:/usr/local/bin:/usr/sbin:/usr/bin:/sbin:/bin', 'LANG': 'C.UTF-8', 'ROS_ROOT': '/opt/ros/noetic/share/ros', 'ROSLISP_PACKAGE_DIRECTORIES': '/catkin_ws/devel/share/common-lisp', 'ROS_MASTER_URI': 'http://localhost:11311', 'LC_ALL': 'C.UTF-8', 'PWD': '/catkin_ws', 'ROS_HOSTNAME': 'localhost', 'PYTHONPATH': '/opt/ros/noetic/lib/python3/dist-packages', 'CMAKE_PREFIX_PATH': '/catkin_ws/devel:/opt/ros/noetic', 'ROS_LOG_FILENAME': '/results/V2_03_difficult/ros_logs/8e37d618-851e-11f1-915f-e2be14439152/roslaunch-eaad71b71680-1.log'})
[roslaunch][INFO] 2026-07-21 16:09:30,739: starting in server mode
[roslaunch.parent][INFO] 2026-07-21 16:09:30,741: starting roslaunch parent run
[roslaunch][INFO] 2026-07-21 16:09:30,742: loading roscore config file /opt/ros/noetic/etc/ros/roscore.xml
[roslaunch][INFO] 2026-07-21 16:09:30,880: Added core node of type [rosout/rosout] in namespace [/]
[roslaunch.config][INFO] 2026-07-21 16:09:30,881: loading config file /catkin_ws/src/open_vins/ov_msckf/launch/serial.launch
[roslaunch][INFO] 2026-07-21 16:09:30,928: Added node of type [ov_msckf/ros1_serial_msckf] in namespace [/]
[roslaunch][INFO] 2026-07-21 16:09:30,930: Added node of type [ov_eval/pose_to_file] in namespace [/]
[roslaunch][INFO] 2026-07-21 16:09:30,932: ... selected machine [] for node of type [ov_msckf/ros1_serial_msckf]
[roslaunch][INFO] 2026-07-21 16:09:30,933: ... selected machine [] for node of type [ov_eval/pose_to_file]
[roslaunch.pmon][INFO] 2026-07-21 16:09:30,935: start_process_monitor: creating ProcessMonitor
[roslaunch.pmon][INFO] 2026-07-21 16:09:30,937: created process monitor <ProcessMonitor(ProcessMonitor-1, initial daemon)>
[roslaunch.pmon][INFO] 2026-07-21 16:09:30,938: start_process_monitor: ProcessMonitor started
[roslaunch.parent][INFO] 2026-07-21 16:09:30,940: starting parent XML-RPC server
[roslaunch.server][INFO] 2026-07-21 16:09:30,941: starting roslaunch XML-RPC server
[roslaunch.server][INFO] 2026-07-21 16:09:30,942: waiting for roslaunch XML-RPC server to initialize
[xmlrpc][INFO] 2026-07-21 16:09:30,943: XML-RPC server binding to 127.0.0.1:0
[xmlrpc][INFO] 2026-07-21 16:09:30,945: Started XML-RPC server [http://localhost:36913/]
[xmlrpc][INFO] 2026-07-21 16:09:30,946: xml rpc node: starting XML-RPC server
[roslaunch][INFO] 2026-07-21 16:09:30,956: started roslaunch server http://localhost:36913/
[roslaunch.parent][INFO] 2026-07-21 16:09:30,958: ... parent XML-RPC server started
[roslaunch][INFO] 2026-07-21 16:09:30,960: master.is_running[http://localhost:11311]
[roslaunch][INFO] 2026-07-21 16:09:30,962: auto-starting new master
[roslaunch][INFO] 2026-07-21 16:09:30,963: create_master_process: rosmaster, /opt/ros/noetic/share/ros, 11311, 3, None, False
[roslaunch][INFO] 2026-07-21 16:09:30,965: process[master]: launching with args [['rosmaster', '--core', '-p', '11311', '-w', '3']]
[roslaunch.pmon][INFO] 2026-07-21 16:09:30,966: ProcessMonitor.register[master]
[roslaunch.pmon][INFO] 2026-07-21 16:09:30,967: ProcessMonitor.register[master] complete
[roslaunch][INFO] 2026-07-21 16:09:30,968: process[master]: starting os process
[roslaunch][INFO] 2026-07-21 16:09:30,969: process[master]: start w/ args [['rosmaster', '--core', '-p', '11311', '-w', '3', '__log:=/results/V2_03_difficult/ros_logs/8e37d618-851e-11f1-915f-e2be14439152/master.log']]
[roslaunch][INFO] 2026-07-21 16:09:30,970: process[master]: cwd will be [/tmp/.ros]
[roslaunch][INFO] 2026-07-21 16:09:30,978: process[master]: started with pid [88]
[roslaunch][INFO] 2026-07-21 16:09:30,980: master.is_running[http://localhost:11311]
[roslaunch][INFO] 2026-07-21 16:09:31,082: master.is_running[http://localhost:11311]
[roslaunch][INFO] 2026-07-21 16:09:31,184: master.is_running[http://localhost:11311]
[roslaunch][INFO] 2026-07-21 16:09:31,286: master.is_running[http://localhost:11311]
[roslaunch][INFO] 2026-07-21 16:09:31,289: master.is_running[http://localhost:11311]
[roslaunch][INFO] 2026-07-21 16:09:31,293: ROS_MASTER_URI=http://localhost:11311
[roslaunch][INFO] 2026-07-21 16:09:31,296: setting /run_id to 8e37d618-851e-11f1-915f-e2be14439152
[roslaunch][INFO] 2026-07-21 16:09:31,298: setting /roslaunch/uris/host_localhost__36913' to http://localhost:36913/
[roslaunch][INFO] 2026-07-21 16:09:31,302: ... preparing to launch node of type [rosout/rosout]
[roslaunch][INFO] 2026-07-21 16:09:31,303: create_node_process: package[rosout] type[rosout] machine[Machine(name[] env_loader[None] address[localhost] ssh_port[22] user[None] assignable[True] timeout[10.0])] master_uri[http://localhost:11311]
[roslaunch][INFO] 2026-07-21 16:09:31,305: process[rosout-1]: env[{'HOSTNAME': 'eaad71b71680', 'ROS_PACKAGE_PATH': '/catkin_ws/src/open_vins/ov_core:/catkin_ws/src/open_vins/ov_data:/catkin_ws/src/open_vins/ov_eval:/catkin_ws/src/open_vins/ov_init:/catkin_ws/src/open_vins/ov_msckf:/opt/ros/noetic/share', 'LD_LIBRARY_PATH': '/catkin_ws/devel/lib:/opt/ros/noetic/lib', 'ROS_ETC_DIR': '/opt/ros/noetic/etc/ros', 'HOME': '/tmp', 'ROS_PYTHON_VERSION': '3', 'ROS_LOG_DIR': '/results/V2_03_difficult/ros_logs', 'ROS_DISTRO': 'noetic', 'PKG_CONFIG_PATH': '/catkin_ws/devel/lib/pkgconfig:/opt/ros/noetic/lib/pkgconfig', 'ROS_VERSION': '1', 'PATH': '/opt/ros/noetic/bin:/usr/local/sbin:/usr/local/bin:/usr/sbin:/usr/bin:/sbin:/bin', 'LANG': 'C.UTF-8', 'ROS_ROOT': '/opt/ros/noetic/share/ros', 'ROSLISP_PACKAGE_DIRECTORIES': '/catkin_ws/devel/share/common-lisp', 'ROS_MASTER_URI': 'http://localhost:11311', 'LC_ALL': 'C.UTF-8', 'PWD': '/catkin_ws', 'ROS_HOSTNAME': 'localhost', 'PYTHONPATH': '/opt/ros/noetic/lib/python3/dist-packages', 'CMAKE_PREFIX_PATH': '/catkin_ws/devel:/opt/ros/noetic', 'ROS_LOG_FILENAME': '/results/V2_03_difficult/ros_logs/8e37d618-851e-11f1-915f-e2be14439152/roslaunch-eaad71b71680-1.log'}]
[roslaunch][INFO] 2026-07-21 16:09:31,355: process[rosout-1]: args[['/opt/ros/noetic/lib/rosout/rosout', '__name:=rosout']]
[roslaunch][INFO] 2026-07-21 16:09:31,356: ... created process [rosout-1]
[roslaunch.pmon][INFO] 2026-07-21 16:09:31,357: ProcessMonitor.register[rosout-1]
[roslaunch.pmon][INFO] 2026-07-21 16:09:31,359: ProcessMonitor.register[rosout-1] complete
[roslaunch][INFO] 2026-07-21 16:09:31,360: ... registered process [rosout-1]
[roslaunch][INFO] 2026-07-21 16:09:31,361: process[rosout-1]: starting os process
[roslaunch][INFO] 2026-07-21 16:09:31,365: process[rosout-1]: start w/ args [['/opt/ros/noetic/lib/rosout/rosout', '__name:=rosout', '__log:=/results/V2_03_difficult/ros_logs/8e37d618-851e-11f1-915f-e2be14439152/rosout-1.log']]
[roslaunch][INFO] 2026-07-21 16:09:31,366: process[rosout-1]: cwd will be [/tmp/.ros]
[roslaunch][INFO] 2026-07-21 16:09:31,373: process[rosout-1]: started with pid [161]
[roslaunch][INFO] 2026-07-21 16:09:31,374: ... successfully launched [rosout-1]
[roslaunch][INFO] 2026-07-21 16:09:31,376: load_parameters starting ...
[roslaunch][INFO] 2026-07-21 16:09:31,440: ... load_parameters complete
[roslaunch][INFO] 2026-07-21 16:09:31,442: launch_nodes: launching local nodes ...
[roslaunch][INFO] 2026-07-21 16:09:31,443: ... preparing to launch node of type [ov_msckf/ros1_serial_msckf]
[roslaunch][INFO] 2026-07-21 16:09:31,444: create_node_process: package[ov_msckf] type[ros1_serial_msckf] machine[Machine(name[] env_loader[None] address[localhost] ssh_port[22] user[None] assignable[True] timeout[10.0])] master_uri[http://localhost:11311]
[roslaunch][INFO] 2026-07-21 16:09:31,445: process[ov_msckf-2]: env[{'HOSTNAME': 'eaad71b71680', 'ROS_PACKAGE_PATH': '/catkin_ws/src/open_vins/ov_core:/catkin_ws/src/open_vins/ov_data:/catkin_ws/src/open_vins/ov_eval:/catkin_ws/src/open_vins/ov_init:/catkin_ws/src/open_vins/ov_msckf:/opt/ros/noetic/share', 'LD_LIBRARY_PATH': '/catkin_ws/devel/lib:/opt/ros/noetic/lib', 'ROS_ETC_DIR': '/opt/ros/noetic/etc/ros', 'HOME': '/tmp', 'ROS_PYTHON_VERSION': '3', 'ROS_LOG_DIR': '/results/V2_03_difficult/ros_logs', 'ROS_DISTRO': 'noetic', 'PKG_CONFIG_PATH': '/catkin_ws/devel/lib/pkgconfig:/opt/ros/noetic/lib/pkgconfig', 'ROS_VERSION': '1', 'PATH': '/opt/ros/noetic/bin:/usr/local/sbin:/usr/local/bin:/usr/sbin:/usr/bin:/sbin:/bin', 'LANG': 'C.UTF-8', 'ROS_ROOT': '/opt/ros/noetic/share/ros', 'ROSLISP_PACKAGE_DIRECTORIES': '/catkin_ws/devel/share/common-lisp', 'ROS_MASTER_URI': 'http://localhost:11311', 'LC_ALL': 'C.UTF-8', 'PWD': '/catkin_ws', 'ROS_HOSTNAME': 'localhost', 'PYTHONPATH': '/opt/ros/noetic/lib/python3/dist-packages', 'CMAKE_PREFIX_PATH': '/catkin_ws/devel:/opt/ros/noetic', 'ROS_LOG_FILENAME': '/results/V2_03_difficult/ros_logs/8e37d618-851e-11f1-915f-e2be14439152/roslaunch-eaad71b71680-1.log'}]
[roslaunch][INFO] 2026-07-21 16:09:31,448: process[ov_msckf-2]: args[['/catkin_ws/devel/.private/ov_msckf/lib/ov_msckf/ros1_serial_msckf', '__name:=ov_msckf']]
[roslaunch][INFO] 2026-07-21 16:09:31,449: ... created process [ov_msckf-2]
[roslaunch.pmon][INFO] 2026-07-21 16:09:31,450: ProcessMonitor.register[ov_msckf-2]
[roslaunch.pmon][INFO] 2026-07-21 16:09:31,451: ProcessMonitor.register[ov_msckf-2] complete
[roslaunch][INFO] 2026-07-21 16:09:31,452: ... registered process [ov_msckf-2]
[roslaunch][INFO] 2026-07-21 16:09:31,453: process[ov_msckf-2]: starting os process
[roslaunch][INFO] 2026-07-21 16:09:31,454: process[ov_msckf-2]: start w/ args [['/catkin_ws/devel/.private/ov_msckf/lib/ov_msckf/ros1_serial_msckf', '__name:=ov_msckf', '__log:=/results/V2_03_difficult/ros_logs/8e37d618-851e-11f1-915f-e2be14439152/ov_msckf-2.log']]
[roslaunch][INFO] 2026-07-21 16:09:31,455: process[ov_msckf-2]: cwd will be [/tmp/.ros]
[roslaunch][INFO] 2026-07-21 16:09:31,462: process[ov_msckf-2]: started with pid [169]
[roslaunch][INFO] 2026-07-21 16:09:31,463: ... successfully launched [ov_msckf-2]
[roslaunch][INFO] 2026-07-21 16:09:31,464: ... preparing to launch node of type [ov_eval/pose_to_file]
[roslaunch][INFO] 2026-07-21 16:09:31,466: create_node_process: package[ov_eval] type[pose_to_file] machine[Machine(name[] env_loader[None] address[localhost] ssh_port[22] user[None] assignable[True] timeout[10.0])] master_uri[http://localhost:11311]
[roslaunch][INFO] 2026-07-21 16:09:31,467: process[recorder_estimate-3]: env[{'HOSTNAME': 'eaad71b71680', 'ROS_PACKAGE_PATH': '/catkin_ws/src/open_vins/ov_core:/catkin_ws/src/open_vins/ov_data:/catkin_ws/src/open_vins/ov_eval:/catkin_ws/src/open_vins/ov_init:/catkin_ws/src/open_vins/ov_msckf:/opt/ros/noetic/share', 'LD_LIBRARY_PATH': '/catkin_ws/devel/lib:/opt/ros/noetic/lib', 'ROS_ETC_DIR': '/opt/ros/noetic/etc/ros', 'HOME': '/tmp', 'ROS_PYTHON_VERSION': '3', 'ROS_LOG_DIR': '/results/V2_03_difficult/ros_logs', 'ROS_DISTRO': 'noetic', 'PKG_CONFIG_PATH': '/catkin_ws/devel/lib/pkgconfig:/opt/ros/noetic/lib/pkgconfig', 'ROS_VERSION': '1', 'PATH': '/opt/ros/noetic/bin:/usr/local/sbin:/usr/local/bin:/usr/sbin:/usr/bin:/sbin:/bin', 'LANG': 'C.UTF-8', 'ROS_ROOT': '/opt/ros/noetic/share/ros', 'ROSLISP_PACKAGE_DIRECTORIES': '/catkin_ws/devel/share/common-lisp', 'ROS_MASTER_URI': 'http://localhost:11311', 'LC_ALL': 'C.UTF-8', 'PWD': '/catkin_ws', 'ROS_HOSTNAME': 'localhost', 'PYTHONPATH': '/opt/ros/noetic/lib/python3/dist-packages', 'CMAKE_PREFIX_PATH': '/catkin_ws/devel:/opt/ros/noetic', 'ROS_LOG_FILENAME': '/results/V2_03_difficult/ros_logs/8e37d618-851e-11f1-915f-e2be14439152/roslaunch-eaad71b71680-1.log'}]
[roslaunch][INFO] 2026-07-21 16:09:31,471: process[recorder_estimate-3]: args[['/catkin_ws/devel/.private/ov_eval/lib/ov_eval/pose_to_file', '__name:=recorder_estimate']]
[roslaunch][INFO] 2026-07-21 16:09:31,472: ... created process [recorder_estimate-3]
[roslaunch.pmon][INFO] 2026-07-21 16:09:31,473: ProcessMonitor.register[recorder_estimate-3]
[roslaunch.pmon][INFO] 2026-07-21 16:09:31,474: ProcessMonitor.register[recorder_estimate-3] complete
[roslaunch][INFO] 2026-07-21 16:09:31,475: ... registered process [recorder_estimate-3]
[roslaunch][INFO] 2026-07-21 16:09:31,475: process[recorder_estimate-3]: starting os process
[roslaunch][INFO] 2026-07-21 16:09:31,476: process[recorder_estimate-3]: start w/ args [['/catkin_ws/devel/.private/ov_eval/lib/ov_eval/pose_to_file', '__name:=recorder_estimate', '__log:=/results/V2_03_difficult/ros_logs/8e37d618-851e-11f1-915f-e2be14439152/recorder_estimate-3.log']]
[roslaunch][INFO] 2026-07-21 16:09:31,477: process[recorder_estimate-3]: cwd will be [/tmp/.ros]
[roslaunch][INFO] 2026-07-21 16:09:31,484: process[recorder_estimate-3]: started with pid [170]
[roslaunch][INFO] 2026-07-21 16:09:31,485: ... successfully launched [recorder_estimate-3]
[roslaunch][INFO] 2026-07-21 16:09:31,486: ... launch_nodes complete
[roslaunch.pmon][INFO] 2026-07-21 16:09:31,487: registrations completed <ProcessMonitor(ProcessMonitor-1, started daemon 130575715723008)>
[roslaunch.parent][INFO] 2026-07-21 16:09:31,488: ... roslaunch parent running, waiting for process exit
[roslaunch][INFO] 2026-07-21 16:09:31,489: spin
[roslaunch][ERROR] 2026-07-21 16:12:33,827: ================================================================================REQUIRED process [ov_msckf-2] has died!
process has died [pid 169, exit code -6, cmd /catkin_ws/devel/.private/ov_msckf/lib/ov_msckf/ros1_serial_msckf __name:=ov_msckf __log:=/results/V2_03_difficult/ros_logs/8e37d618-851e-11f1-915f-e2be14439152/ov_msckf-2.log].
log file: /results/V2_03_difficult/ros_logs/8e37d618-851e-11f1-915f-e2be14439152/ov_msckf-2*.log
Initiating shutdown!
================================================================================
[roslaunch.pmon][INFO] 2026-07-21 16:12:33,928: ProcessMonitor._post_run <ProcessMonitor(ProcessMonitor-1, started daemon 130575715723008)>
[roslaunch.pmon][INFO] 2026-07-21 16:12:33,928: ProcessMonitor._post_run <ProcessMonitor(ProcessMonitor-1, started daemon 130575715723008)>: remaining procs are [<roslaunch.nodeprocess.LocalProcess object at 0x76c2a0281ac0>, <roslaunch.nodeprocess.LocalProcess object at 0x76c2a0281ee0>, <roslaunch.nodeprocess.LocalProcess object at 0x76c2a024df10>, <roslaunch.nodeprocess.LocalProcess object at 0x76c2a0281c40>]
[roslaunch.pmon][INFO] 2026-07-21 16:12:33,930: ProcessMonitor exit: killing recorder_estimate-3
[roslaunch.pmon][INFO] 2026-07-21 16:12:33,931: ProcessMonitor exit: killing ov_msckf-2
[roslaunch][INFO] 2026-07-21 16:12:33,932: [recorder_estimate-3] killing on exit
[roslaunch][INFO] 2026-07-21 16:12:33,933: [ov_msckf-2] killing on exit
[roslaunch][INFO] 2026-07-21 16:12:33,934: process[recorder_estimate-3]: killing os process with pid[170] pgid[170]
[roslaunch][INFO] 2026-07-21 16:12:33,937: [recorder_estimate-3] sending SIGINT to pgid [170]
[roslaunch][INFO] 2026-07-21 16:12:33,938: [recorder_estimate-3] sent SIGINT to pgid [170]
[roslaunch][INFO] 2026-07-21 16:12:34,140: process[recorder_estimate-3]: SIGINT killed with return value 0
[roslaunch.pmon][INFO] 2026-07-21 16:12:34,142: ProcessMonitor exit: killing rosout-1
[roslaunch][INFO] 2026-07-21 16:12:34,143: [rosout-1] killing on exit
[roslaunch][INFO] 2026-07-21 16:12:34,145: process[rosout-1]: killing os process with pid[161] pgid[161]
[roslaunch][INFO] 2026-07-21 16:12:34,146: [rosout-1] sending SIGINT to pgid [161]
[roslaunch][INFO] 2026-07-21 16:12:34,147: [rosout-1] sent SIGINT to pgid [161]
[roslaunch][INFO] 2026-07-21 16:12:34,349: process[rosout-1]: SIGINT killed with return value 0
[roslaunch.pmon][INFO] 2026-07-21 16:12:34,350: ProcessMonitor exit: killing master
[roslaunch][INFO] 2026-07-21 16:12:34,351: [master] killing on exit
[roslaunch][INFO] 2026-07-21 16:12:34,352: process[master]: killing os process with pid[88] pgid[88]
[roslaunch][INFO] 2026-07-21 16:12:34,353: [master] sending SIGINT to pgid [88]
[roslaunch][INFO] 2026-07-21 16:12:34,353: [master] sent SIGINT to pgid [88]
[roslaunch][INFO] 2026-07-21 16:12:34,555: process[master]: SIGINT killed with return value 0
[roslaunch.pmon][INFO] 2026-07-21 16:12:34,556: ProcessMonitor exit: cleaning up data structures and signals
[roslaunch.pmon][INFO] 2026-07-21 16:12:34,557: ProcessMonitor exit: pmon has shutdown
[roslaunch][INFO] 2026-07-21 16:12:34,585: process monitor is done spinning, initiating full shutdown
[roslaunch][INFO] 2026-07-21 16:12:34,586: runner.stop()
[roslaunch][INFO] 2026-07-21 16:12:34,587: shutting down processing monitor...
[roslaunch][INFO] 2026-07-21 16:12:34,588: shutting down processing monitor <ProcessMonitor(ProcessMonitor-1, stopped daemon 130575715723008)>
[roslaunch.pmon][INFO] 2026-07-21 16:12:34,589: ProcessMonitor.shutdown <ProcessMonitor(ProcessMonitor-1, stopped daemon 130575715723008)>
[roslaunch][INFO] 2026-07-21 16:12:34,590: ... shutting down processing monitor complete
[roslaunch][INFO] 2026-07-21 16:12:34,591: done
[roslaunch.pmon][INFO] 2026-07-21 16:12:34,593: ProcessMonitor.shutdown <ProcessMonitor(ProcessMonitor-1, stopped daemon 130575715723008)>
[rospy.core][INFO] 2026-07-21 16:12:34,594: signal_shutdown [atexit]
